Component: Arm Compiler for Embedded 6.18 Tool: armlink [5e4cc100]

==============================================================================

Section Cross References

    startup_stm32f427xx.o(RESET) refers to startup_stm32f427xx.o(STACK) for __initial_sp
    startup_stm32f427xx.o(RESET) refers to startup_stm32f427xx.o(.text) for Reset_Handler
    startup_stm32f427xx.o(RESET) refers to stm32f4xx_it.o(.text.NMI_Handler) for NMI_Handler
    startup_stm32f427xx.o(RESET) refers to stm32f4xx_it.o(.text.HardFault_Handler) for HardFault_Handler
    startup_stm32f427xx.o(RESET) refers to stm32f4xx_it.o(.text.MemManage_Handler) for MemManage_Handler
    startup_stm32f427xx.o(RESET) refers to stm32f4xx_it.o(.text.BusFault_Handler) for BusFault_Handler
    startup_stm32f427xx.o(RESET) refers to stm32f4xx_it.o(.text.UsageFault_Handler) for UsageFault_Handler
    startup_stm32f427xx.o(RESET) refers to stm32f4xx_it.o(.text.SVC_Handler) for SVC_Handler
    startup_stm32f427xx.o(RESET) refers to stm32f4xx_it.o(.text.DebugMon_Handler) for DebugMon_Handler
    startup_stm32f427xx.o(RESET) refers to stm32f4xx_it.o(.text.PendSV_Handler) for PendSV_Handler
    startup_stm32f427xx.o(RESET) refers to stm32f4xx_it.o(.text.SysTick_Handler) for SysTick_Handler
    startup_stm32f427xx.o(RESET) refers to stm32f4xx_it.o(.text.DMA1_Stream1_IRQHandler) for DMA1_Stream1_IRQHandler
    startup_stm32f427xx.o(RESET) refers to stm32f4xx_it.o(.text.DMA1_Stream2_IRQHandler) for DMA1_Stream2_IRQHandler
    startup_stm32f427xx.o(RESET) refers to stm32f4xx_it.o(.text.DMA1_Stream3_IRQHandler) for DMA1_Stream3_IRQHandler
    startup_stm32f427xx.o(RESET) refers to stm32f4xx_it.o(.text.DMA1_Stream4_IRQHandler) for DMA1_Stream4_IRQHandler
    startup_stm32f427xx.o(RESET) refers to stm32f4xx_it.o(.text.DMA1_Stream5_IRQHandler) for DMA1_Stream5_IRQHandler
    startup_stm32f427xx.o(RESET) refers to stm32f4xx_it.o(.text.DMA1_Stream6_IRQHandler) for DMA1_Stream6_IRQHandler
    startup_stm32f427xx.o(RESET) refers to stm32f4xx_it.o(.text.CAN1_RX0_IRQHandler) for CAN1_RX0_IRQHandler
    startup_stm32f427xx.o(RESET) refers to stm32f4xx_it.o(.text.CAN1_RX1_IRQHandler) for CAN1_RX1_IRQHandler
    startup_stm32f427xx.o(RESET) refers to stm32f4xx_it.o(.text.TIM1_TRG_COM_TIM11_IRQHandler) for TIM1_TRG_COM_TIM11_IRQHandler
    startup_stm32f427xx.o(RESET) refers to stm32f4xx_it.o(.text.USART1_IRQHandler) for USART1_IRQHandler
    startup_stm32f427xx.o(RESET) refers to stm32f4xx_it.o(.text.USART2_IRQHandler) for USART2_IRQHandler
    startup_stm32f427xx.o(RESET) refers to stm32f4xx_it.o(.text.USART3_IRQHandler) for USART3_IRQHandler
    startup_stm32f427xx.o(RESET) refers to stm32f4xx_it.o(.text.TIM8_BRK_TIM12_IRQHandler) for TIM8_BRK_TIM12_IRQHandler
    startup_stm32f427xx.o(RESET) refers to stm32f4xx_it.o(.text.TIM8_UP_TIM13_IRQHandler) for TIM8_UP_TIM13_IRQHandler
    startup_stm32f427xx.o(RESET) refers to stm32f4xx_it.o(.text.TIM8_TRG_COM_TIM14_IRQHandler) for TIM8_TRG_COM_TIM14_IRQHandler
    startup_stm32f427xx.o(RESET) refers to stm32f4xx_it.o(.text.UART4_IRQHandler) for UART4_IRQHandler
    startup_stm32f427xx.o(RESET) refers to stm32f4xx_it.o(.text.DMA2_Stream2_IRQHandler) for DMA2_Stream2_IRQHandler
    startup_stm32f427xx.o(RESET) refers to stm32f4xx_it.o(.text.CAN2_RX0_IRQHandler) for CAN2_RX0_IRQHandler
    startup_stm32f427xx.o(RESET) refers to stm32f4xx_it.o(.text.CAN2_RX1_IRQHandler) for CAN2_RX1_IRQHandler
    startup_stm32f427xx.o(RESET) refers to stm32f4xx_it.o(.text.UART7_IRQHandler) for UART7_IRQHandler
    startup_stm32f427xx.o(.text) refers to system_stm32f4xx.o(.text.SystemInit) for SystemInit
    startup_stm32f427xx.o(.text) refers to entry.o(.ARM.Collect$$$$00000000) for __main
    main.o(.text.usart_printf) refers to main.o(.bss.usart_printf.ap) for usart_printf.ap
    main.o(.text.usart_printf) refers to main.o(.bss.usart_printf.tx_buf) for usart_printf.tx_buf
    main.o(.text.usart_printf) refers to printfa.o(i.__0vsprintf) for vsprintf
    main.o(.text.usart_printf) refers to main.o(.bss.usart_printf.len) for usart_printf.len
    main.o(.text.usart_printf) refers to usart.o(.bss.huart7) for huart7
    main.o(.text.usart_printf) refers to stm32f4xx_hal_uart.o(.text.HAL_UART_Transmit_DMA) for HAL_UART_Transmit_DMA
    main.o(.ARM.exidx.text.usart_printf) refers to main.o(.text.usart_printf) for [Anonymous Symbol]
    main.o(.text.main) refers to stm32f4xx_hal.o(.text.HAL_Init) for HAL_Init
    main.o(.text.main) refers to main.o(.text.SystemClock_Config) for SystemClock_Config
    main.o(.text.main) refers to gpio.o(.text.MX_GPIO_Init) for MX_GPIO_Init
    main.o(.text.main) refers to dma.o(.text.MX_DMA_Init) for MX_DMA_Init
    main.o(.text.main) refers to tim.o(.text.MX_TIM12_Init) for MX_TIM12_Init
    main.o(.text.main) refers to tim.o(.text.MX_TIM14_Init) for MX_TIM14_Init
    main.o(.text.main) refers to usart.o(.text.MX_USART3_UART_Init) for MX_USART3_UART_Init
[...]
    [Anonymous Symbol]                       0x0800b604   Section        0  stm32f4xx_hal_dma.o(.rodata.DMA_CalcBaseAndBitshift.flagBitshiftOffset)
    .L.str                                   0x0800b60c   Data          13  main.o(.rodata.str1.1)
    [Anonymous Symbol]                       0x0800b60c   Section        0  main.o(.rodata.str1.1)
    _errno                                   0x20000000   Data           4  errno.o(.data)
    .data                                    0x20000000   Section        4  errno.o(.data)
    CANSendCHtoGM.number                     0x20000004   Data           1  can_receive.o(.data.CANSendCHtoGM.number)
    [Anonymous Symbol]                       0x20000004   Section        0  can_receive.o(.data.CANSendCHtoGM.number)
    BreatheIED.BuleBoll                      0x20000018   Data           1  root.o(.bss.BreatheIED.BuleBoll)
    [Anonymous Symbol]                       0x20000018   Section        0  root.o(.bss.BreatheIED.BuleBoll)
    BreatheIED.BuleTIME                      0x20000020   Data          16  root.o(.bss.BreatheIED.BuleTIME)
    [Anonymous Symbol]                       0x20000020   Section        0  root.o(.bss.BreatheIED.BuleTIME)
    BreatheIED.GreenBoll                     0x20000030   Data           1  root.o(.bss.BreatheIED.GreenBoll)
    [Anonymous Symbol]                       0x20000030   Section        0  root.o(.bss.BreatheIED.GreenBoll)
    BreatheIED.GreenTIME                     0x20000038   Data          16  root.o(.bss.BreatheIED.GreenTIME)
    [Anonymous Symbol]                       0x20000038   Section        0  root.o(.bss.BreatheIED.GreenTIME)
    BreatheIED.RedBoll                       0x20000048   Data           1  root.o(.bss.BreatheIED.RedBoll)
    [Anonymous Symbol]                       0x20000048   Section        0  root.o(.bss.BreatheIED.RedBoll)
    BreatheIED.RedTIME                       0x20000050   Data          16  root.o(.bss.BreatheIED.RedTIME)
    [Anonymous Symbol]                       0x20000050   Section        0  root.o(.bss.BreatheIED.RedTIME)
    HAL_RCC_CAN1_CLK_ENABLED                 0x20000078   Data           4  can.o(.bss.HAL_RCC_CAN1_CLK_ENABLED)
    [Anonymous Symbol]                       0x20000078   Section        0  can.o(.bss.HAL_RCC_CAN1_CLK_ENABLED)
    HAL_TIM_PeriodElapsedCallback.temp       0x2000007c   Data           1  stm32f4xx_it.o(.bss.HAL_TIM_PeriodElapsedCallback.temp)
    [Anonymous Symbol]                       0x2000007c   Section        0  stm32f4xx_it.o(.bss.HAL_TIM_PeriodElapsedCallback.temp)
    PowerLimBuffer.Raid                      0x20000088   Data           8  powerlimit.o(.bss.PowerLimBuffer.Raid)
    [Anonymous Symbol]                       0x20000088   Section        0  powerlimit.o(.bss.PowerLimBuffer.Raid)
    SuperCapTransation.lastTime_1            0x200000a0   Data           8  supercap.o(.bss.SuperCapTransation.lastTime_1)
    [Anonymous Symbol]                       0x200000a0   Section        0  supercap.o(.bss.SuperCapTransation.lastTime_1)
    SuperCapTransation.lastTime_2            0x200000a8   Data           8  supercap.o(.bss.SuperCapTransation.lastTime_2)
    [Anonymous Symbol]                       0x200000a8   Section        0  supercap.o(.bss.SuperCapTransation.lastTime_2)
    mecanumOutAddre                          0x20000cd0   Data          16  chassis.o(.bss.mecanumOutAddre)
    [Anonymous Symbol]                       0x20000cd0   Section        0  chassis.o(.bss.mecanumOutAddre)
    usart_printf.ap                          0x20000e74   Data           4  main.o(.bss.usart_printf.ap)
    [Anonymous Symbol]                       0x20000e74   Section        0  main.o(.bss.usart_printf.ap)
    usart_printf.len                         0x20000e78   Data           2  main.o(.bss.usart_printf.len)
    [Anonymous Symbol]                       0x20000e78   Section        0  main.o(.bss.usart_printf.len)
    usart_printf.tx_buf                      0x20000e7a   Data         256  main.o(.bss.usart_printf.tx_buf)
    [Anonymous Symbol]                       0x20000e7a   Section        0  main.o(.bss.usart_printf.tx_buf)
    STACK                                    0x20000fb0   Section     1024  startup_stm32f427xx.o(STACK)

    Global Symbols

    Symbol Name                              Value     Ov Type        Size  Object(Section)

    BuildAttributes$$THM_ISAv4$E$P$D$K$B$S$7EM$VFPi3$EXTD16$VFPS$VFMA$PE$A:L22UL41UL21$X:L11$S22US41US21$IEEE1$IW$~IW$USESV6$~STKCKD$USESV7$~SHL$OTIME$ROPI$IEEEX$EBA8$MICROLIB$REQ8$PRES8$EABIv2 0x00000000   Number         0  anon$$obj.o ABSOLUTE
    __cpp_initialize__aeabi_                  - Undefined Weak Reference
    __cxa_finalize                            - Undefined Weak Reference
    __decompress                              - Undefined Weak Reference
    _clock_init                               - Undefined Weak Reference
    _microlib_exit                            - Undefined Weak Reference
    __Vectors_Size                           0x000001ac   Number         0  startup_stm32f427xx.o ABSOLUTE
    __Vectors                                0x08000000   Data           4  startup_stm32f427xx.o(RESET)
    __Vectors_End                            0x080001ac   Data           0  startup_stm32f427xx.o(RESET)
    __main                                   0x080001ad   Thumb Code     0  entry.o(.ARM.Collect$$$$00000000)
    _main_stk                                0x080001ad   Thumb Code     0  entry2.o(.ARM.Collect$$$$00000001)
    _main_scatterload                        0x080001b1   Thumb Code     0  entry5.o(.ARM.Collect$$$$00000004)
    __main_after_scatterload                 0x080001b5   Thumb Code     0  entry5.o(.ARM.Collect$$$$00000004)
    _main_clock                              0x080001b5   Thumb Code     0  entry7b.o(.ARM.Collect$$$$00000008)
    _main_cpp_init                           0x080001b5   Thumb Code     0  entry8b.o(.ARM.Collect$$$$0000000A)
    _main_init                               0x080001b5   Thumb Code     0  entry9a.o(.ARM.Collect$$$$0000000B)
    __rt_final_cpp                           0x080001bd   Thumb Code     0  entry10a.o(.ARM.Collect$$$$0000000D)
    __rt_final_exit                          0x080001bd   Thumb Code     0  entry11a.o(.ARM.Collect$$$$0000000F)
    Reset_Handler                            0x080001c1   Thumb Code     8  startup_stm32f427xx.o(.text)
    ADC_IRQHandler                           0x080001db   Thumb Code     0  startup_stm32f427xx.o(.text)
    CAN1_SCE_IRQHandler                      0x080001db   Thumb Code     0  startup_stm32f427xx.o(.text)
    CAN1_TX_IRQHandler                       0x080001db   Thumb Code     0  startup_stm32f427xx.o(.text)
    CAN2_SCE_IRQHandler                      0x080001db   Thumb Code     0  startup_stm32f427xx.o(.text)
    CAN2_TX_IRQHandler                       0x080001db   Thumb Code     0  startup_stm32f427xx.o(.text)
    DCMI_IRQHandler                          0x080001db   Thumb Code     0  startup_stm32f427xx.o(.text)
    DMA1_Stream0_IRQHandler                  0x080001db   Thumb Code     0  startup_stm32f427xx.o(.text)
    DMA1_Stream7_IRQHandler                  0x080001db   Thumb Code     0  startup_stm32f427xx.o(.text)
    DMA2D_IRQHandler                         0x080001db   Thumb Code     0  startup_stm32f427xx.o(.text)
    DMA2_Stream0_IRQHandler                  0x080001db   Thumb Code     0  startup_stm32f427xx.o(.text)
    DMA2_Stream1_IRQHandler                  0x080001db   Thumb Code     0  startup_stm32f427xx.o(.text)
    DMA2_Stream3_IRQHandler                  0x080001db   Thumb Code     0  startup_stm32f427xx.o(.text)
    DMA2_Stream4_IRQHandler                  0x080001db   Thumb Code     0  startup_stm32f427xx.o(.text)
    DMA2_Stream5_IRQHandler                  0x080001db   Thumb Code     0  startup_stm32f427xx.o(.text)
    DMA2_Stream6_IRQHandler                  0x080001db   Thumb Code     0  startup_stm32f427xx.o(.text)
    DMA2_Stream7_IRQHandler                  0x080001db   Thumb Code     0  startup_stm32f427xx.o(.text)
    ETH_IRQHandler                           0x080001db   Thumb Code     0  startup_stm32f427xx.o(.text)
    ETH_WKUP_IRQHandler                      0x080001db   Thumb Code     0  startup_stm32f427xx.o(.text)
    EXTI0_IRQHandler                         0x080001db   Thumb Code     0  startup_stm32f427xx.o(.text)
    EXTI15_10_IRQHandler                     0x080001db   Thumb Code     0  startup_stm32f427xx.o(.text)
    EXTI1_IRQHandler                         0x080001db   Thumb Code     0  startup_stm32f427xx.o(.text)
    EXTI2_IRQHandler                         0x080001db   Thumb Code     0  startup_stm32f427xx.o(.text)
    EXTI3_IRQHandler                         0x080001db   Thumb Code     0  startup_stm32f427xx.o(.text)
    EXTI4_IRQHandler                         0x080001db   Thumb Code     0  startup_stm32f427xx.o(.text)
    EXTI9_5_IRQHandler                       0x080001db   Thumb Code     0  startup_stm32f427xx.o(.text)
    FLASH_IRQHandler                         0x080001db   Thumb Code     0  startup_stm32f427xx.o(.text)
    FMC_IRQHandler                           0x080001db   Thumb Code     0  startup_stm32f427xx.o(.text)
    FPU_IRQHandler                           0x080001db   Thumb Code     0  startup_stm32f427xx.o(.text)
    HASH_RNG_IRQHandler                      0x080001db   Thumb Code     0  startup_stm32f427xx.o(.text)
    I2C1_ER_IRQHandler                       0x080001db   Thumb Code     0  startup_stm32f427xx.o(.text)
    I2C1_EV_IRQHandler                       0x080001db   Thumb Code     0  startup_stm32f427xx.o(.text)
    I2C2_ER_IRQHandler                       0x080001db   Thumb Code     0  startup_stm32f427xx.o(.text)
    I2C2_EV_IRQHandler                       0x080001db   Thumb Code     0  startup_stm32f427xx.o(.text)
    I2C3_ER_IRQHandler                       0x080001db   Thumb Code     0  startup_stm32f427xx.o(.text)
    I2C3_EV_IRQHandler                       0x080001db   Thumb Code     0  startup_stm32f427xx.o(.text)
    OTG_FS_IRQHandler                        0x080001db   Thumb Code     0  startup_stm32f427xx.o(.text)
    OTG_FS_WKUP_IRQHandler                   0x080001db   Thumb Code     0  startup_stm32f427xx.o(.text)
    OTG_HS_EP1_IN_IRQHandler                 0x080001db   Thumb Code     0  startup_stm32f427xx.o(.text)
    OTG_HS_EP1_OUT_IRQHandler                0x080001db   Thumb Code     0  startup_stm32f427xx.o(.text)
    OTG_HS_IRQHandler                        0x080001db   Thumb Code     0  startup_stm32f427xx.o(.text)
    OTG_HS_WKUP_IRQHandler                   0x080001db   Thumb Code     0  startup_stm32f427xx.o(.text)
    PVD_IRQHandler                           0x080001db   Thumb Code     0  startup_stm32f427xx.o(.text)
    RCC_IRQHandler                           0x080001db   Thumb Code     0  startup_stm32f427xx.o(.text)
    RTC_Alarm_IRQHandler                     0x080001db   Thumb Code     0  startup_stm32f427xx.o(.text)
    RTC_WKUP_IRQHandler                      0x080001db   Thumb Code     0  startup_stm32f427xx.o(.text)
    SAI1_IRQHandler                          0x080001db   Thumb Code     0  startup_stm32f427xx.o(.text)
    SDIO_IRQHandler                          0x080001db   Thumb Code     0  startup_stm32f427xx.o(.text)
    SPI1_IRQHandler                          0x080001db   Thumb Code     0  startup_stm32f427xx.o(.text)
    SPI2_IRQHandler                          0x080001db   Thumb Code     0  startup_stm32f427xx.o(.text)
    SPI3_IRQHandler                          0x080001db   Thumb Code     0  startup_stm32f427xx.o(.text)
    SPI4_IRQHandler                          0x080001db   Thumb Code     0  startup_stm32f427xx.o(.text)
    SPI5_IRQHandler                          0x080001db   Thumb Code     0  startup_stm32f427xx.o(.text)
    SPI6_IRQHandler                          0x080001db   Thumb Code     0  startup_stm32f427xx.o(.text)
    TAMP_STAMP_IRQHandler                    0x080001db   Thumb Code     0  startup_stm32f427xx.o(.text)
    TIM1_BRK_TIM9_IRQHandler                 0x080001db   Thumb Code     0  startup_stm32f427xx.o(.text)
    TIM1_CC_IRQHandler                       0x080001db   Thumb Code     0  startup_stm32f427xx.o(.text)
    TIM1_UP_TIM10_IRQHandler                 0x080001db   Thumb Code     0  startup_stm32f427xx.o(.text)
    TIM2_IRQHandler                          0x080001db   Thumb Code     0  startup_stm32f427xx.o(.text)
    TIM3_IRQHandler                          0x080001db   Thumb Code     0  startup_stm32f427xx.o(.text)
    TIM4_IRQHandler                          0x080001db   Thumb Code     0  startup_stm32f427xx.o(.text)
    TIM5_IRQHandler                          0x080001db   Thumb Code     0  startup_stm32f427xx.o(.text)
    TIM6_DAC_IRQHandler                      0x080001db   Thumb Code     0  startup_stm32f427xx.o(.text)
    TIM7_IRQHandler                          0x080001db   Thumb Code     0  startup_stm32f427xx.o(.text)
    TIM8_CC_IRQHandler                       0x080001db   Thumb Code     0  startup_stm32f427xx.o(.text)
    UART5_IRQHandler                         0x080001db   Thumb Code     0  startup_stm32f427xx.o(.text)
    UART8_IRQHandler                         0x080001db   Thumb Code     0  startup_stm32f427xx.o(.text)
    USART6_IRQHandler                        0x080001db   Thumb Code     0  startup_stm32f427xx.o(.text)
    WWDG_IRQHandler                          0x080001db   Thumb Code     0  startup_stm32f427xx.o(.text)
    __aeabi_uldivmod                         0x080001e5   Thumb Code    98  uldiv.o(.text)
    __aeabi_memcpy                           0x08000247   Thumb Code    36  memcpya.o(.text)
    __aeabi_memcpy4                          0x08000247   Thumb Code     0  memcpya.o(.text)
    __aeabi_memcpy8                          0x08000247   Thumb Code     0  memcpya.o(.text)
    __aeabi_memset                           0x0800026b   Thumb Code    14  memseta.o(.text)
    __aeabi_memset4                          0x0800026b   Thumb Code     0  memseta.o(.text)
    __aeabi_memset8                          0x0800026b   Thumb Code     0  memseta.o(.text)
    __aeabi_memclr                           0x08000279   Thumb Code     4  memseta.o(.text)
    __aeabi_memclr4                          0x08000279   Thumb Code     0  memseta.o(.text)
    __aeabi_memclr8                          0x08000279   Thumb Code     0  memseta.o(.text)
    _memset$wrapper                          0x0800027d   Thumb Code    18  memseta.o(.text)
    __aeabi_dadd                             0x0800028f   Thumb Code   322  dadd.o(.text)
    __aeabi_dsub                             0x080003d1   Thumb Code     6  dadd.o(.text)
    __aeabi_drsub                            0x080003d7   Thumb Code     6  dadd.o(.text)
    __aeabi_dmul                             0x080003dd   Thumb Code   228  dmul.o(.text)
    __aeabi_dcmple                           0x080004c1   Thumb Code    54  dcmple.o(.text)
    __aeabi_ul2f                             0x080004f7   Thumb Code    28  ffltul.o(.text)
    __aeabi_i2d                              0x08000513   Thumb Code    34  dflti.o(.text)
    __aeabi_d2iz                             0x08000535   Thumb Code    62  dfixi.o(.text)
    __aeabi_f2d                              0x08000573   Thumb Code    38  f2d.o(.text)
    __aeabi_d2f                              0x08000599   Thumb Code    56  d2f.o(.text)
    __aeabi_uidiv                            0x080005d1   Thumb Code     0  uidiv.o(.text)
    __aeabi_uidivmod                         0x080005d1   Thumb Code    44  uidiv.o(.text)
    __aeabi_llsl                             0x080005fd   Thumb Code    30  llshl.o(.text)
    _ll_shift_l                              0x080005fd   Thumb Code     0  llshl.o(.text)
    __aeabi_llsr                             0x0800061b   Thumb Code    32  llushr.o(.text)
    _ll_ushift_r                             0x0800061b   Thumb Code     0  llushr.o(.text)
    __aeabi_lasr                             0x0800063b   Thumb Code    36  llsshr.o(.text)
    _ll_sshift_r                             0x0800063b   Thumb Code     0  llsshr.o(.text)
    __I$use$fp                               0x0800065f   Thumb Code     0  iusefp.o(.text)
    _float_round                             0x0800065f   Thumb Code    18  fepilogue.o(.text)
    _float_epilogue                          0x08000671   Thumb Code    92  fepilogue.o(.text)
    _double_round                            0x080006cd   Thumb Code    30  depilogue.o(.text)
    _double_epilogue                         0x080006eb   Thumb Code   156  depilogue.o(.text)
    __aeabi_ddiv                             0x08000787   Thumb Code   222  ddiv.o(.text)
    __aeabi_d2ulz                            0x08000865   Thumb Code    48  dfixul.o(.text)
    __aeabi_cdrcmple                         0x08000895   Thumb Code    48  cdrcmple.o(.text)
    __scatterload                            0x080008c5   Thumb Code    28  init.o(.text)
    __scatterload_rt2                        0x080008c5   Thumb Code     0  init.o(.text)
    __aeabi_ui2d                             0x080008e9   Thumb Code    26  dfltui.o(.text)
    AllotPower                               0x08000905   Thumb Code   254  powerlimit.o(.text.AllotPower)
    BreatheIED                               0x08000a05   Thumb Code   582  root.o(.text.BreatheIED)
    BusFault_Handler                         0x08000c4d   Thumb Code     4  stm32f4xx_it.o(.text.BusFault_Handler)
    CAN1_RX0_IRQHandler                      0x08000c51   Thumb Code    16  stm32f4xx_it.o(.text.CAN1_RX0_IRQHandler)
    CAN1_RX1_IRQHandler                      0x08000c61   Thumb Code    16  stm32f4xx_it.o(.text.CAN1_RX1_IRQHandler)
    CAN2_RX0_IRQHandler                      0x08000c71   Thumb Code    16  stm32f4xx_it.o(.text.CAN2_RX0_IRQHandler)
    CAN2_RX1_IRQHandler                      0x08000c81   Thumb Code    16  stm32f4xx_it.o(.text.CAN2_RX1_IRQHandler)
    CANSendCHtoGM                            0x08000c91   Thumb Code   184  can_receive.o(.text.CANSendCHtoGM)
    CH3508M_Init                             0x08000d49   Thumb Code  1278  motor.o(.text.CH3508M_Init)
    CHEmptyJudge                             0x08001249   Thumb Code   108  chassis.o(.text.CHEmptyJudge)
    CHFollowPID_Init                         0x080012b5   Thumb Code   168  chassis.o(.text.CHFollowPID_Init)
    CHFollowTwoPID                           0x0800135d   Thumb Code   336  chassis.o(.text.CHFollowTwoPID)
    CHInfantry                               0x080014ad   Thumb Code   900  chassis.o(.text.CHInfantry)
    CHInfantryInit                           0x08001831   Thumb Code    50  chassis.o(.text.CHInfantryInit)
    CHMotorSpeedPID                          0x08001865   Thumb Code   280  motor.o(.text.CHMotorSpeedPID)
    CHMotorTwoPID                            0x0800197d   Thumb Code   488  motor.o(.text.CHMotorTwoPID)
    CHSpeedLock                              0x08001b65   Thumb Code   254  chassis.o(.text.CHSpeedLock)
    CanManage_3508                           0x08001c65   Thumb Code   248  motor.o(.text.CanManage_3508)
    CanManage_6020                           0x08001d5d   Thumb Code   744  motor.o(.text.CanManage_6020)
    CanManage_cap                            0x08002045   Thumb Code   172  supercap.o(.text.CanManage_cap)
    CapSendInit                              0x080020f1   Thumb Code   276  supercap.o(.text.CapSendInit)
    ChassisRXResolve                         0x08002205   Thumb Code   244  chassis.o(.text.ChassisRXResolve)
    ChassisTXResolve                         0x080022f9   Thumb Code   160  chassis.o(.text.ChassisTXResolve)
    ControlCH                                0x08002399   Thumb Code   306  contorl.o(.text.ControlCH)
    DMA1_Stream1_IRQHandler                  0x080024cd   Thumb Code    16  stm32f4xx_it.o(.text.DMA1_Stream1_IRQHandler)
    DMA1_Stream2_IRQHandler                  0x080024dd   Thumb Code    16  stm32f4xx_it.o(.text.DMA1_Stream2_IRQHandler)
    DMA1_Stream3_IRQHandler                  0x080024ed   Thumb Code    16  stm32f4xx_it.o(.text.DMA1_Stream3_IRQHandler)
    DMA1_Stream4_IRQHandler                  0x080024fd   Thumb Code    16  stm32f4xx_it.o(.text.DMA1_Stream4_IRQHandler)
    DMA1_Stream5_IRQHandler                  0x0800250d   Thumb Code    16  stm32f4xx_it.o(.text.DMA1_Stream5_IRQHandler)
    DMA1_Stream6_IRQHandler                  0x0800251d   Thumb Code    16  stm32f4xx_it.o(.text.DMA1_Stream6_IRQHandler)
    DMA2_Stream2_IRQHandler                  0x0800252d   Thumb Code    16  stm32f4xx_it.o(.text.DMA2_Stream2_IRQHandler)
    DebugMon_Handler                         0x080026d5   Thumb Code     2  stm32f4xx_it.o(.text.DebugMon_Handler)
    ErrorMonitor                             0x080026d9   Thumb Code   232  root.o(.text.ErrorMonitor)
    Error_Handler                            0x080027c1   Thumb Code    14  main.o(.text.Error_Handler)
    Get_CRC16_Check_Sum                      0x080027d1   Thumb Code   102  write_data.o(.text.Get_CRC16_Check_Sum)
    Get_CRC8_Check_Sum                       0x08002839   Thumb Code    74  write_data.o(.text.Get_CRC8_Check_Sum)
    HAL_CAN_ActivateNotification             0x08002885   Thumb Code    82  stm32f4xx_hal_can.o(.text.HAL_CAN_ActivateNotification)
    HAL_CAN_AddTxMessage                     0x080028d9   Thumb Code   368  stm32f4xx_hal_can.o(.text.HAL_CAN_AddTxMessage)
    HAL_CAN_ConfigFilter                     0x08002a49   Thumb Code   420  stm32f4xx_hal_can.o(.text.HAL_CAN_ConfigFilter)
    HAL_CAN_ErrorCallback                    0x08002bed   Thumb Code     8  stm32f4xx_hal_can.o(.text.HAL_CAN_ErrorCallback)
    HAL_CAN_GetRxMessage                     0x08002bf5   Thumb Code   496  stm32f4xx_hal_can.o(.text.HAL_CAN_GetRxMessage)
    HAL_CAN_IRQHandler                       0x08002de5   Thumb Code  1010  stm32f4xx_hal_can.o(.text.HAL_CAN_IRQHandler)
    HAL_CAN_Init                             0x080031d9   Thumb Code   478  stm32f4xx_hal_can.o(.text.HAL_CAN_Init)
    HAL_CAN_MspInit                          0x080033b9   Thumb Code   424  can.o(.text.HAL_CAN_MspInit)
    HAL_CAN_RxFifo0FullCallback              0x08003561   Thumb Code     8  stm32f4xx_hal_can.o(.text.HAL_CAN_RxFifo0FullCallback)
    HAL_CAN_RxFifo0MsgPendingCallback        0x08003569   Thumb Code   514  can_receive.o(.text.HAL_CAN_RxFifo0MsgPendingCallback)
    HAL_CAN_RxFifo1FullCallback              0x0800376d   Thumb Code     8  stm32f4xx_hal_can.o(.text.HAL_CAN_RxFifo1FullCallback)
    HAL_CAN_RxFifo1MsgPendingCallback        0x08003775   Thumb Code     8  stm32f4xx_hal_can.o(.text.HAL_CAN_RxFifo1MsgPendingCallback)
    HAL_CAN_SleepCallback                    0x0800377d   Thumb Code     8  stm32f4xx_hal_can.o(.text.HAL_CAN_SleepCallback)
    HAL_CAN_Start                            0x08003785   Thumb Code   138  stm32f4xx_hal_can.o(.text.HAL_CAN_Start)
    HAL_CAN_TxMailbox0AbortCallback          0x08003811   Thumb Code     8  stm32f4xx_hal_can.o(.text.HAL_CAN_TxMailbox0AbortCallback)
    HAL_CAN_TxMailbox0CompleteCallback       0x08003819   Thumb Code     8  stm32f4xx_hal_can.o(.text.HAL_CAN_TxMailbox0CompleteCallback)
    HAL_CAN_TxMailbox1AbortCallback          0x08003821   Thumb Code     8  stm32f4xx_hal_can.o(.text.HAL_CAN_TxMailbox1AbortCallback)
    HAL_CAN_TxMailbox1CompleteCallback       0x08003829   Thumb Code     8  stm32f4xx_hal_can.o(.text.HAL_CAN_TxMailbox1CompleteCallback)
    HAL_CAN_TxMailbox2AbortCallback          0x08003831   Thumb Code     8  stm32f4xx_hal_can.o(.text.HAL_CAN_TxMailbox2AbortCallback)
    HAL_CAN_TxMailbox2CompleteCallback       0x08003839   Thumb Code     8  stm32f4xx_hal_can.o(.text.HAL_CAN_TxMailbox2CompleteCallback)
    HAL_CAN_WakeUpFromRxMsgCallback          0x08003841   Thumb Code     8  stm32f4xx_hal_can.o(.text.HAL_CAN_WakeUpFromRxMsgCallback)
    HAL_DMA_Abort                            0x08003849   Thumb Code   236  stm32f4xx_hal_dma.o(.text.HAL_DMA_Abort)
    HAL_DMA_Abort_IT                         0x08003935   Thumb Code    68  stm32f4xx_hal_dma.o(.text.HAL_DMA_Abort_IT)
    HAL_DMA_IRQHandler                       0x08003979   Thumb Code   798  stm32f4xx_hal_dma.o(.text.HAL_DMA_IRQHandler)
    HAL_DMA_Init                             0x08003c99   Thumb Code   366  stm32f4xx_hal_dma.o(.text.HAL_DMA_Init)
    HAL_DMA_Start_IT                         0x08003e09   Thumb Code   194  stm32f4xx_hal_dma.o(.text.HAL_DMA_Start_IT)
    HAL_GPIO_Init                            0x08003ecd   Thumb Code  1006  stm32f4xx_hal_gpio.o(.text.HAL_GPIO_Init)
    HAL_GPIO_ReadPin                         0x080042bd   Thumb Code    46  stm32f4xx_hal_gpio.o(.text.HAL_GPIO_ReadPin)
    HAL_GPIO_WritePin                        0x080042ed   Thumb Code    46  stm32f4xx_hal_gpio.o(.text.HAL_GPIO_WritePin)
    HAL_GetTick                              0x0800431d   Thumb Code    12  stm32f4xx_hal.o(.text.HAL_GetTick)
    HAL_IncTick                              0x08004329   Thumb Code    26  stm32f4xx_hal.o(.text.HAL_IncTick)
    HAL_Init                                 0x08004345   Thumb Code    54  stm32f4xx_hal.o(.text.HAL_Init)
    HAL_InitTick                             0x0800437d   Thumb Code   112  stm32f4xx_hal.o(.text.HAL_InitTick)
    HAL_MspInit                              0x080043ed   Thumb Code    74  stm32f4xx_hal_msp.o(.text.HAL_MspInit)
    HAL_NVIC_EnableIRQ                       0x08004439   Thumb Code    20  stm32f4xx_hal_cortex.o(.text.HAL_NVIC_EnableIRQ)
    HAL_NVIC_SetPriority                     0x0800444d   Thumb Code    50  stm32f4xx_hal_cortex.o(.text.HAL_NVIC_SetPriority)
    HAL_NVIC_SetPriorityGrouping             0x08004481   Thumb Code    16  stm32f4xx_hal_cortex.o(.text.HAL_NVIC_SetPriorityGrouping)
    HAL_RCC_ClockConfig                      0x08004491   Thumb Code   610  stm32f4xx_hal_rcc.o(.text.HAL_RCC_ClockConfig)
    HAL_RCC_GetHCLKFreq                      0x080046f5   Thumb Code    12  stm32f4xx_hal_rcc.o(.text.HAL_RCC_GetHCLKFreq)
    HAL_RCC_GetPCLK1Freq                     0x08004701   Thumb Code    34  stm32f4xx_hal_rcc.o(.text.HAL_RCC_GetPCLK1Freq)
    HAL_RCC_GetPCLK2Freq                     0x08004725   Thumb Code    34  stm32f4xx_hal_rcc.o(.text.HAL_RCC_GetPCLK2Freq)
    HAL_RCC_GetSysClockFreq                  0x08004749   Thumb Code   230  stm32f4xx_hal_rcc.o(.text.HAL_RCC_GetSysClockFreq)
    HAL_RCC_OscConfig                        0x08004831   Thumb Code  1726  stm32f4xx_hal_rcc.o(.text.HAL_RCC_OscConfig)
    HAL_SYSTICK_Config                       0x08004ef1   Thumb Code    16  stm32f4xx_hal_cortex.o(.text.HAL_SYSTICK_Config)
    HAL_TIMEx_BreakCallback                  0x08004f01   Thumb Code     8  stm32f4xx_hal_tim_ex.o(.text.HAL_TIMEx_BreakCallback)
    HAL_TIMEx_CommutCallback                 0x08004f09   Thumb Code     8  stm32f4xx_hal_tim_ex.o(.text.HAL_TIMEx_CommutCallback)
    HAL_TIM_Base_Init                        0x08004f11   Thumb Code   156  stm32f4xx_hal_tim.o(.text.HAL_TIM_Base_Init)
    HAL_TIM_Base_MspInit                     0x08004fad   Thumb Code   304  tim.o(.text.HAL_TIM_Base_MspInit)
    HAL_TIM_Base_Start_IT                    0x080050dd   Thumb Code   246  stm32f4xx_hal_tim.o(.text.HAL_TIM_Base_Start_IT)
    HAL_TIM_ConfigClockSource                0x080051d5   Thumb Code   388  stm32f4xx_hal_tim.o(.text.HAL_TIM_ConfigClockSource)
    HAL_TIM_IC_CaptureCallback               0x08005359   Thumb Code     8  stm32f4xx_hal_tim.o(.text.HAL_TIM_IC_CaptureCallback)
    HAL_TIM_IRQHandler                       0x08005361   Thumb Code   634  stm32f4xx_hal_tim.o(.text.HAL_TIM_IRQHandler)
    HAL_TIM_MspPostInit                      0x080055dd   Thumb Code   110  tim.o(.text.HAL_TIM_MspPostInit)
    HAL_TIM_OC_DelayElapsedCallback          0x0800564d   Thumb Code     8  stm32f4xx_hal_tim.o(.text.HAL_TIM_OC_DelayElapsedCallback)
    HAL_TIM_PWM_ConfigChannel                0x08005655   Thumb Code   322  stm32f4xx_hal_tim.o(.text.HAL_TIM_PWM_ConfigChannel)
    HAL_TIM_PWM_Init                         0x08005799   Thumb Code   156  stm32f4xx_hal_tim.o(.text.HAL_TIM_PWM_Init)
    HAL_TIM_PWM_MspInit                      0x08005835   Thumb Code     8  stm32f4xx_hal_tim.o(.text.HAL_TIM_PWM_MspInit)
    HAL_TIM_PWM_PulseFinishedCallback        0x0800583d   Thumb Code     8  stm32f4xx_hal_tim.o(.text.HAL_TIM_PWM_PulseFinishedCallback)
    HAL_TIM_PeriodElapsedCallback            0x08005845   Thumb Code   350  stm32f4xx_it.o(.text.HAL_TIM_PeriodElapsedCallback)
    HAL_TIM_TriggerCallback                  0x080059a5   Thumb Code     8  stm32f4xx_hal_tim.o(.text.HAL_TIM_TriggerCallback)
    HAL_UARTEx_RxEventCallback               0x080059ad   Thumb Code    12  stm32f4xx_hal_uart.o(.text.HAL_UARTEx_RxEventCallback)
    HAL_UART_DMAStop                         0x080059b9   Thumb Code   204  stm32f4xx_hal_uart.o(.text.HAL_UART_DMAStop)
    HAL_UART_ErrorCallback                   0x08005a85   Thumb Code     8  stm32f4xx_hal_uart.o(.text.HAL_UART_ErrorCallback)
    HAL_UART_IRQHandler                      0x08005a8d   Thumb Code  1054  stm32f4xx_hal_uart.o(.text.HAL_UART_IRQHandler)
    HAL_UART_Init                            0x08005ead   Thumb Code   154  stm32f4xx_hal_uart.o(.text.HAL_UART_Init)
    HAL_UART_MspInit                         0x08005f49   Thumb Code  1344  usart.o(.text.HAL_UART_MspInit)
    HAL_UART_Receive_DMA                     0x08006489   Thumb Code   120  stm32f4xx_hal_uart.o(.text.HAL_UART_Receive_DMA)
    HAL_UART_RxCpltCallback                  0x08006501   Thumb Code     8  stm32f4xx_hal_uart.o(.text.HAL_UART_RxCpltCallback)
    HAL_UART_RxHalfCpltCallback              0x08006509   Thumb Code     8  stm32f4xx_hal_uart.o(.text.HAL_UART_RxHalfCpltCallback)
    HAL_UART_Transmit_DMA                    0x08006511   Thumb Code   272  stm32f4xx_hal_uart.o(.text.HAL_UART_Transmit_DMA)
    HAL_UART_TxCpltCallback                  0x08006621   Thumb Code     8  stm32f4xx_hal_uart.o(.text.HAL_UART_TxCpltCallback)
    HAL_UART_TxHalfCpltCallback              0x08006629   Thumb Code     8  stm32f4xx_hal_uart.o(.text.HAL_UART_TxHalfCpltCallback)
    HardFault_Handler                        0x08006631   Thumb Code     4  stm32f4xx_it.o(.text.HardFault_Handler)
    MX_CAN1_Init                             0x08006635   Thumb Code    78  can.o(.text.MX_CAN1_Init)
    MX_CAN2_Init                             0x08006685   Thumb Code    78  can.o(.text.MX_CAN2_Init)
    MX_DMA_Init                              0x080066d5   Thumb Code   204  dma.o(.text.MX_DMA_Init)
    MX_GPIO_Init                             0x080067a1   Thumb Code   358  gpio.o(.text.MX_GPIO_Init)
    MX_TIM11_Init                            0x08006909   Thumb Code    54  tim.o(.text.MX_TIM11_Init)
    MX_TIM12_Init                            0x08006941   Thumb Code   184  tim.o(.text.MX_TIM12_Init)
    MX_TIM13_Init                            0x080069f9   Thumb Code    54  tim.o(.text.MX_TIM13_Init)
    MX_TIM14_Init                            0x08006a31   Thumb Code    56  tim.o(.text.MX_TIM14_Init)
    MX_UART4_Init                            0x08006a69   Thumb Code    82  usart.o(.text.MX_UART4_Init)
    MX_UART7_Init                            0x08006abd   Thumb Code    64  usart.o(.text.MX_UART7_Init)
    MX_USART1_UART_Init                      0x08006afd   Thumb Code    72  usart.o(.text.MX_USART1_UART_Init)
    MX_USART2_UART_Init                      0x08006b45   Thumb Code    64  usart.o(.text.MX_USART2_UART_Init)
    MX_USART3_UART_Init                      0x08006b85   Thumb Code    82  usart.o(.text.MX_USART3_UART_Init)
    MecanumInit                              0x08006bd9   Thumb Code   320  chassis.o(.text.MecanumInit)
    MecanumResolve                           0x08006d19   Thumb Code  1120  chassis.o(.text.MecanumResolve)
    MemManage_Handler                        0x08007179   Thumb Code     4  stm32f4xx_it.o(.text.MemManage_Handler)
    MotorReast3508                           0x08007181   Thumb Code   200  motor.o(.text.MotorReast3508)
    NMI_Handler                              0x08007249   Thumb Code     4  stm32f4xx_it.o(.text.NMI_Handler)
    PendSV_Handler                           0x080072b9   Thumb Code     2  stm32f4xx_it.o(.text.PendSV_Handler)
    PositionInit                             0x080072bd   Thumb Code    20  root.o(.text.PositionInit)
    PowerAllot                               0x080072d1   Thumb Code   392  chassis.o(.text.PowerAllot)
    PowerLimBuffer                           0x08007459   Thumb Code   260  powerlimit.o(.text.PowerLimBuffer)
    PowerLimBuffer_Cap                       0x0800755d   Thumb Code   384  powerlimit.o(.text.PowerLimBuffer_Cap)
    RUI_F_MATH_ABS_int16_t                   0x080076dd   Thumb Code    46  shu_math.o(.text.RUI_F_MATH_ABS_int16_t)
    Read_Data_system                         0x0800770d   Thumb Code  3428  read_data .o(.text.Read_Data_system)
    ReturnSymbol                             0x08008471   Thumb Code    64  shu_math.o(.text.ReturnSymbol)
    SVC_Handler                              0x080084b1   Thumb Code     2  stm32f4xx_it.o(.text.SVC_Handler)
    SectionLimit_f                           0x080084b5   Thumb Code   174  shu_math.o(.text.SectionLimit_f)
    SectionLimit_i                           0x08008565   Thumb Code   116  shu_math.o(.text.SectionLimit_i)
    SuperCapTransation                       0x080085d9   Thumb Code  1172  supercap.o(.text.SuperCapTransation)
    SysTick_Handler                          0x08008ac1   Thumb Code     8  stm32f4xx_it.o(.text.SysTick_Handler)
    SystemClock_Config                       0x08008ac9   Thumb Code   188  main.o(.text.SystemClock_Config)
    SystemInit                               0x08008b85   Thumb Code    18  system_stm32f4xx.o(.text.SystemInit)
    TIM1_TRG_COM_TIM11_IRQHandler            0x08008b99   Thumb Code    16  stm32f4xx_it.o(.text.TIM1_TRG_COM_TIM11_IRQHandler)
    TIM8_BRK_TIM12_IRQHandler                0x08008ba9   Thumb Code    16  stm32f4xx_it.o(.text.TIM8_BRK_TIM12_IRQHandler)
    TIM8_TRG_COM_TIM14_IRQHandler            0x08008bb9   Thumb Code    16  stm32f4xx_it.o(.text.TIM8_TRG_COM_TIM14_IRQHandler)
    TIM8_UP_TIM13_IRQHandler                 0x08008bc9   Thumb Code    16  stm32f4xx_it.o(.text.TIM8_UP_TIM13_IRQHandler)
    TIM_Base_SetConfig                       0x08008bd9   Thumb Code   410  stm32f4xx_hal_tim.o(.text.TIM_Base_SetConfig)
    TIM_ETR_SetConfig                        0x08008d75   Thumb Code    52  stm32f4xx_hal_tim.o(.text.TIM_ETR_SetConfig)
    TIM_OC2_SetConfig                        0x08008ec1   Thumb Code   244  stm32f4xx_hal_tim.o(.text.TIM_OC2_SetConfig)
    UART4_IRQHandler                         0x080091f1   Thumb Code   180  stm32f4xx_it.o(.text.UART4_IRQHandler)
    UART7_IRQHandler                         0x080092a5   Thumb Code    16  stm32f4xx_it.o(.text.UART7_IRQHandler)
    UART_Start_Receive_DMA                   0x08009899   Thumb Code   280  stm32f4xx_hal_uart.o(.text.UART_Start_Receive_DMA)
    USART1_IRQHandler                        0x08009a45   Thumb Code    16  stm32f4xx_it.o(.text.USART1_IRQHandler)
    USART2_IRQHandler                        0x08009a55   Thumb Code    16  stm32f4xx_it.o(.text.USART2_IRQHandler)
    USART3_IRQHandler                        0x08009a65   Thumb Code    16  stm32f4xx_it.o(.text.USART3_IRQHandler)
    UsageFault_Handler                       0x08009a75   Thumb Code     4  stm32f4xx_it.o(.text.UsageFault_Handler)
    Verify_CRC16_Check_Sum                   0x08009a79   Thumb Code   124  write_data.o(.text.Verify_CRC16_Check_Sum)
    Verify_CRC8_Check_Sum                    0x08009af5   Thumb Code    92  write_data.o(.text.Verify_CRC8_Check_Sum)
    abs_float                                0x08009c11   Thumb Code    48  shu_math.o(.text.abs_float)
    can_filter_init                          0x08009c41   Thumb Code   106  bsp_can.o(.text.can_filter_init)
    main                                     0x08009cad   Thumb Code   198  main.o(.text.main)
    my_CAN_Send                              0x08009d75   Thumb Code   224  can_receive.o(.text.my_CAN_Send)
    my_CAN_Send_UNION                        0x08009e55   Thumb Code   306  can_receive.o(.text.my_CAN_Send_UNION)
    my_abs                                   0x08009f89   Thumb Code    36  shu_math.o(.text.my_abs)
    usart_printf                             0x08009fad   Thumb Code    82  main.o(.text.usart_printf)
    __0vsprintf                              0x0800a001   Thumb Code    30  printfa.o(i.__0vsprintf)
    __1vsprintf                              0x0800a001   Thumb Code     0  printfa.o(i.__0vsprintf)
    __2vsprintf                              0x0800a001   Thumb Code     0  printfa.o(i.__0vsprintf)
    __c89vsprintf                            0x0800a001   Thumb Code     0  printfa.o(i.__0vsprintf)
    vsprintf                                 0x0800a001   Thumb Code     0  printfa.o(i.__0vsprintf)
    __ARM_fpclassify                         0x0800a025   Thumb Code    48  fpclassify.o(i.__ARM_fpclassify)
    __hardfp_cos                             0x0800a059   Thumb Code   180  cos.o(i.__hardfp_cos)
    __hardfp_sin                             0x0800a121   Thumb Code   180  sin.o(i.__hardfp_sin)
    __ieee754_rem_pio2                       0x0800a1e9   Thumb Code   938  rred.o(i.__ieee754_rem_pio2)
    __kernel_cos                             0x0800a621   Thumb Code   322  cos_i.o(i.__kernel_cos)
    __kernel_poly                            0x0800a791   Thumb Code   248  poly.o(i.__kernel_poly)
    __kernel_sin                             0x0800a889   Thumb Code   280  sin_i.o(i.__kernel_sin)
    __mathlib_dbl_infnan                     0x0800a9b9   Thumb Code    20  dunder.o(i.__mathlib_dbl_infnan)
    __mathlib_dbl_invalid                    0x0800a9d1   Thumb Code    24  dunder.o(i.__mathlib_dbl_invalid)
    __mathlib_dbl_underflow                  0x0800a9f1   Thumb Code    24  dunder.o(i.__mathlib_dbl_underflow)
    __scatterload_copy                       0x0800aa11   Thumb Code    14  handlers.o(i.__scatterload_copy)
    __scatterload_null                       0x0800aa1f   Thumb Code     2  handlers.o(i.__scatterload_null)
    __scatterload_zeroinit                   0x0800aa21   Thumb Code    14  handlers.o(i.__scatterload_zeroinit)
    __set_errno                              0x0800aa31   Thumb Code     6  errno.o(i.__set_errno)
    fabs                                     0x0800b2f9   Thumb Code    24  fabs.o(i.fabs)
    AHBPrescTable                            0x0800b4ec   Data          16  system_stm32f4xx.o(.rodata.AHBPrescTable)
    APBPrescTable                            0x0800b4fc   Data           8  system_stm32f4xx.o(.rodata.APBPrescTable)
    CRC8_TAB_w                               0x0800b504   Data         256  write_data.o(.rodata.CRC8_TAB_w)
    wCRC_Table_w                             0x0800b61a   Data         512  write_data.o(.rodata.wCRC_Table_w)
    Region$$Table$$Base                      0x0800b81c   Number         0  anon$$obj.o(Region$$Table)
    Region$$Table$$Limit                     0x0800b83c   Number         0  anon$$obj.o(Region$$Table)
    CRC_INIT                                 0x20000006   Data           2  write_data.o(.data.CRC_INIT)
    SystemCoreClock                          0x20000008   Data           4  system_stm32f4xx.o(.data.SystemCoreClock)
    residueBuffer                            0x2000000c   Data           4  powerlimit.o(.data.residueBuffer)
    uwTickFreq                               0x20000010   Data           1  stm32f4xx_hal.o(.data.uwTickFreq)
    uwTickPrio                               0x20000014   Data           4  stm32f4xx_hal.o(.data.uwTickPrio)
    CanCommunit_t                            0x20000060   Data          24  stm32f4xx_it.o(.bss.CanCommunit_t)
    Inter                                    0x20000080   Data           4  supercap.o(.bss.Inter)
    OUT_switch                               0x20000084   Data           4  supercap.o(.bss.OUT_switch)
    Raid                                     0x20000090   Data           8  powerlimit.o(.bss.Raid)
    RunTime                                  0x20000098   Data           8  stm32f4xx_it.o(.bss.RunTime)
    allOutPower                              0x200000b0   Data           4  chassis.o(.bss.allOutPower)
    canBoll_t                                0x200000b4   Data           4  can_receive.o(.bss.canBoll_t)
    can_send_data                            0x200000b8   Data           8  can_receive.o(.bss.can_send_data)
    can_union_txdata                         0x200000c0   Data           8  can_receive.o(.bss.can_union_txdata)
    capData_t                                0x200000c8   Data          28  supercap.o(.bss.capData_t)
    chassis_t                                0x200000e4   Data         148  chassis.o(.bss.chassis_t)
    hcan1                                    0x20000178   Data          40  can.o(.bss.hcan1)
    hcan2                                    0x200001a0   Data          40  can.o(.bss.hcan2)
    hdma_uart4_rx                            0x200001c8   Data          96  usart.o(.bss.hdma_uart4_rx)
    hdma_uart4_tx                            0x20000228   Data          96  usart.o(.bss.hdma_uart4_tx)
    hdma_usart1_rx                           0x20000288   Data          96  usart.o(.bss.hdma_usart1_rx)
    hdma_usart2_rx                           0x200002e8   Data          96  usart.o(.bss.hdma_usart2_rx)
    hdma_usart2_tx                           0x20000348   Data          96  usart.o(.bss.hdma_usart2_tx)
    hdma_usart3_rx                           0x200003a8   Data          96  usart.o(.bss.hdma_usart3_rx)
    hdma_usart3_tx                           0x20000408   Data          96  usart.o(.bss.hdma_usart3_tx)
    htim11                                   0x20000468   Data          72  tim.o(.bss.htim11)
    htim12                                   0x200004b0   Data          72  tim.o(.bss.htim12)
    htim13                                   0x200004f8   Data          72  tim.o(.bss.htim13)
    htim14                                   0x20000540   Data          72  tim.o(.bss.htim14)
    huart1                                   0x20000588   Data          68  usart.o(.bss.huart1)
    huart2                                   0x200005cc   Data          68  usart.o(.bss.huart2)
    huart3                                   0x20000610   Data          68  usart.o(.bss.huart3)
    huart4                                   0x20000654   Data          68  usart.o(.bss.huart4)
    huart7                                   0x20000698   Data          68  usart.o(.bss.huart7)
    judge_systemDATA                         0x200006dc   Data         264  stm32f4xx_it.o(.bss.judge_systemDATA)
    judge_user_data                          0x200007e4   Data         205  stm32f4xx_it.o(.bss.judge_user_data)
    m_CH3508_1_t                             0x200008b4   Data         164  motor.o(.bss.m_CH3508_1_t)
    m_CH3508_2_t                             0x20000958   Data         164  motor.o(.bss.m_CH3508_2_t)
    m_CH3508_3_t                             0x200009fc   Data         164  motor.o(.bss.m_CH3508_3_t)
    m_CH3508_4_t                             0x20000aa0   Data         164  motor.o(.bss.m_CH3508_4_t)
    m_GM6020_p_t                             0x20000b44   Data         168  motor.o(.bss.m_GM6020_p_t)
    m_GM6020_y_t                             0x20000bec   Data         168  motor.o(.bss.m_GM6020_y_t)
    mecanumInit_t                            0x20000c94   Data          60  chassis.o(.bss.mecanumInit_t)
    rc_ctrl                                  0x20000ce0   Data          62  chassis.o(.bss.rc_ctrl)
    reData                                   0x20000d20   Data           4  powerlimit.o(.bss.reData)
    receive_buff                             0x20000d24   Data         255  stm32f4xx_it.o(.bss.receive_buff)
    root_t                                   0x20000e23   Data          30  root.o(.bss.root_t)
    rui                                      0x20000e41   Data           1  chassis.o(.bss.rui)
    rx_data                                  0x20000e42   Data           8  can_receive.o(.bss.rx_data)
    rx_header                                0x20000e4c   Data          28  can_receive.o(.bss.rx_header)
    shu_temp72                               0x20000e68   Data           2  supercap.o(.bss.shu_temp72)
    shu_temp75                               0x20000e6c   Data           4  supercap.o(.bss.shu_temp75)
    temp_cap_time                            0x20000e70   Data           4  supercap.o(.bss.temp_cap_time)
    uwTick                                   0x20000f7c   Data           4  stm32f4xx_hal.o(.bss.uwTick)
    visionData_t                             0x20000f80   Data          48  chassis.o(.bss.visionData_t)
    __initial_sp                             0x200013b0   Data           0  startup_stm32f427xx.o(STACK)



==============================================================================

Memory Map of the image

  Image Entry point : 0x080001ad

  Load Region LR_IROM1 (Base: 0x08000000, Size: 0x0000b858, Max: 0x00200000, ABSOLUTE)

    Execution Region ER_IROM1 (Exec base: 0x08000000, Load base: 0x08000000, Size: 0x0000b83c, Max: 0x00200000, ABSOLUTE)

    Exec Addr    Load Addr    Size         Type   Attr      Idx    E Section Name        Object

    0x08000000   0x08000000   0x000001ac   Data   RO            3    RESET               startup_stm32f427xx.o
    0x080001ac   0x080001ac   0x00000000   Code   RO         1698  * .ARM.Collect$$$$00000000  mc_w.l(entry.o)
    0x080001ac   0x080001ac   0x00000004   Code   RO         1782    .ARM.Collect$$$$00000001  mc_w.l(entry2.o)
    0x080001b0   0x080001b0   0x00000004   Code   RO         1785    .ARM.Collect$$$$00000004  mc_w.l(entry5.o)
    0x080001b4   0x080001b4   0x00000000   Code   RO         1787    .ARM.Collect$$$$00000008  mc_w.l(entry7b.o)
    0x080001b4   0x080001b4   0x00000000   Code   RO         1789    .ARM.Collect$$$$0000000A  mc_w.l(entry8b.o)
    0x080001b4   0x080001b4   0x00000008   Code   RO         1790    .ARM.Collect$$$$0000000B  mc_w.l(entry9a.o)
    0x080001bc   0x080001bc   0x00000000   Code   RO         1792    .ARM.Collect$$$$0000000D  mc_w.l(entry10a.o)
    0x080001bc   0x080001bc   0x00000000   Code   RO         1794    .ARM.Collect$$$$0000000F  mc_w.l(entry11a.o)
    0x080001bc   0x080001bc   0x00000004   Code   RO         1783    .ARM.Collect$$$$00002712  mc_w.l(entry2.o)
    0x080001c0   0x080001c0   0x00000024   Code   RO            4    .text               startup_stm32f427xx.o
    0x080001e4   0x080001e4   0x00000062   Code   RO         1701    .text               mc_w.l(uldiv.o)
    0x08000246   0x08000246   0x00000024   Code   RO         1703    .text               mc_w.l(memcpya.o)
    0x0800026a   0x0800026a   0x00000024   Code   RO         1705    .text               mc_w.l(memseta.o)
    0x0800028e   0x0800028e   0x0000014e   Code   RO         1741    .text               mf_w.l(dadd.o)
    0x080003dc   0x080003dc   0x000000e4   Code   RO         1743    .text               mf_w.l(dmul.o)
    0x080004c0   0x080004c0   0x00000036   Code   RO         1745    .text               mf_w.l(dcmple.o)
    0x080004f6   0x080004f6   0x0000001c   Code   RO         1747    .text               mf_w.l(ffltul.o)
    0x08000512   0x08000512   0x00000022   Code   RO         1749    .text               mf_w.l(dflti.o)
    0x08000534   0x08000534   0x0000003e   Code   RO         1751    .text               mf_w.l(dfixi.o)
    0x08000572   0x08000572   0x00000026   Code   RO         1753    .text               mf_w.l(f2d.o)
    0x08000598   0x08000598   0x00000038   Code   RO         1755    .text               mf_w.l(d2f.o)
    0x080005d0   0x080005d0   0x0000002c   Code   RO         1810    .text               mc_w.l(uidiv.o)
    0x080005fc   0x080005fc   0x0000001e   Code   RO         1812    .text               mc_w.l(llshl.o)
    0x0800061a   0x0800061a   0x00000020   Code   RO         1814    .text               mc_w.l(llushr.o)
    0x0800063a   0x0800063a   0x00000024   Code   RO         1816    .text               mc_w.l(llsshr.o)
    0x0800065e   0x0800065e   0x00000000   Code   RO         1825    .text               mc_w.l(iusefp.o)
    0x0800065e   0x0800065e   0x0000006e   Code   RO         1826    .text               mf_w.l(fepilogue.o)
    0x080006cc   0x080006cc   0x000000ba   Code   RO         1828    .text               mf_w.l(depilogue.o)
    0x08000786   0x08000786   0x000000de   Code   RO         1830    .text               mf_w.l(ddiv.o)
    0x08000864   0x08000864   0x00000030   Code   RO         1834    .text               mf_w.l(dfixul.o)
    0x08000894   0x08000894   0x00000030   Code   RO         1836    .text               mf_w.l(cdrcmple.o)
    0x080008c4   0x080008c4   0x00000024   Code   RO         1848    .text               mc_w.l(init.o)
    0x080008e8   0x080008e8   0x0000001a   Code   RO         1852    .text               mf_w.l(dfltui.o)
    0x08000902   0x08000902   0x00000002   PAD
    0x08000904   0x08000904   0x000000fe   Code   RO         1380    .text.AllotPower    powerlimit.o
    0x08000a02   0x08000a02   0x00000002   PAD
    0x08000a04   0x08000a04   0x00000246   Code   RO         1404    .text.BreatheIED    root.o
    0x08000c4a   0x08000c4a   0x00000002   PAD
    0x08000c4c   0x08000c4c   0x00000004   Code   RO          136    .text.BusFault_Handler  stm32f4xx_it.o
    0x08000c50   0x08000c50   0x00000010   Code   RO          160    .text.CAN1_RX0_IRQHandler  stm32f4xx_it.o
    0x08000c60   0x08000c60   0x00000010   Code   RO          162    .text.CAN1_RX1_IRQHandler  stm32f4xx_it.o
    0x08000c70   0x08000c70   0x00000010   Code   RO          182    .text.CAN2_RX0_IRQHandler  stm32f4xx_it.o
    0x08000c80   0x08000c80   0x00000010   Code   RO          184    .text.CAN2_RX1_IRQHandler  stm32f4xx_it.o
    0x08000c90   0x08000c90   0x000000b8   Code   RO         1237    .text.CANSendCHtoGM  can_receive.o
    0x08000d48   0x08000d48   0x000004fe   Code   RO         1260    .text.CH3508M_Init  motor.o
    0x08001246   0x08001246   0x00000002   PAD
    0x08001248   0x08001248   0x0000006c   Code   RO         1352    .text.CHEmptyJudge  chassis.o
    0x080012b4   0x080012b4   0x000000a8   Code   RO         1350    .text.CHFollowPID_Init  chassis.o
    0x0800135c   0x0800135c   0x00000150   Code   RO         1338    .text.CHFollowTwoPID  chassis.o
    0x080014ac   0x080014ac   0x00000384   Code   RO         1336    .text.CHInfantry    chassis.o
    0x08001830   0x08001830   0x00000032   Code   RO         1342    .text.CHInfantryInit  chassis.o
    0x08001862   0x08001862   0x00000002   PAD
    0x08001864   0x08001864   0x00000118   Code   RO         1280    .text.CHMotorSpeedPID  motor.o
    0x0800197c   0x0800197c   0x000001e8   Code   RO         1282    .text.CHMotorTwoPID  motor.o
    0x08001b64   0x08001b64   0x000000fe   Code   RO         1346    .text.CHSpeedLock   chassis.o
    0x08001c62   0x08001c62   0x00000002   PAD
    0x08001c64   0x08001c64   0x000000f8   Code   RO         1272    .text.CanManage_3508  motor.o
    0x08001d5c   0x08001d5c   0x000002e8   Code   RO         1276    .text.CanManage_6020  motor.o
    0x08002044   0x08002044   0x000000ac   Code   RO         1437    .text.CanManage_cap  supercap.o
    0x080020f0   0x080020f0   0x00000114   Code   RO         1435    .text.CapSendInit   supercap.o
    0x08002204   0x08002204   0x000000f4   Code   RO         1356    .text.ChassisRXResolve  chassis.o
    0x080022f8   0x080022f8   0x000000a0   Code   RO         1358    .text.ChassisTXResolve  chassis.o
    0x08002398   0x08002398   0x00000132   Code   RO         1252    .text.ControlCH     contorl.o
    0x080024ca   0x080024ca   0x00000002   PAD
    0x080024cc   0x080024cc   0x00000010   Code   RO          148    .text.DMA1_Stream1_IRQHandler  stm32f4xx_it.o
    0x080024dc   0x080024dc   0x00000010   Code   RO          150    .text.DMA1_Stream2_IRQHandler  stm32f4xx_it.o
    0x080024ec   0x080024ec   0x00000010   Code   RO          152    .text.DMA1_Stream3_IRQHandler  stm32f4xx_it.o
    0x080024fc   0x080024fc   0x00000010   Code   RO          154    .text.DMA1_Stream4_IRQHandler  stm32f4xx_it.o
    0x0800250c   0x0800250c   0x00000010   Code   RO          156    .text.DMA1_Stream5_IRQHandler  stm32f4xx_it.o
    0x0800251c   0x0800251c   0x00000010   Code   RO          158    .text.DMA1_Stream6_IRQHandler  stm32f4xx_it.o
    0x0800252c   0x0800252c   0x00000010   Code   RO          180    .text.DMA2_Stream2_IRQHandler  stm32f4xx_it.o
    0x0800253c   0x0800253c   0x00000056   Code   RO          488    .text.DMA_CalcBaseAndBitshift  stm32f4xx_hal_dma.o
    0x08002592   0x08002592   0x00000002   PAD
    0x08002594   0x08002594   0x000000f0   Code   RO          486    .text.DMA_CheckFifoParam  stm32f4xx_hal_dma.o
    0x08002684   0x08002684   0x00000050   Code   RO          494    .text.DMA_SetConfig  stm32f4xx_hal_dma.o
    0x080026d4   0x080026d4   0x00000002   Code   RO          142    .text.DebugMon_Handler  stm32f4xx_it.o
    0x080026d6   0x080026d6   0x00000002   PAD
    0x080026d8   0x080026d8   0x000000e8   Code   RO         1402    .text.ErrorMonitor  root.o
    0x080027c0   0x080027c0   0x0000000e   Code   RO           17    .text.Error_Handler  main.o
    0x080027ce   0x080027ce   0x00000002   PAD
    0x080027d0   0x080027d0   0x00000066   Code   RO         1484    .text.Get_CRC16_Check_Sum  write_data.o
    0x08002836   0x08002836   0x00000002   PAD
    0x08002838   0x08002838   0x0000004a   Code   RO         1478    .text.Get_CRC8_Check_Sum  write_data.o
    0x08002882   0x08002882   0x00000002   PAD
    0x08002884   0x08002884   0x00000052   Code   RO          245    .text.HAL_CAN_ActivateNotification  stm32f4xx_hal_can.o
    0x080028d6   0x080028d6   0x00000002   PAD
    0x080028d8   0x080028d8   0x00000170   Code   RO          231    .text.HAL_CAN_AddTxMessage  stm32f4xx_hal_can.o
    0x08002a48   0x08002a48   0x000001a4   Code   RO          221    .text.HAL_CAN_ConfigFilter  stm32f4xx_hal_can.o
    0x08002bec   0x08002bec   0x00000008   Code   RO          275    .text.HAL_CAN_ErrorCallback  stm32f4xx_hal_can.o
    0x08002bf4   0x08002bf4   0x000001f0   Code   RO          241    .text.HAL_CAN_GetRxMessage  stm32f4xx_hal_can.o
    0x08002de4   0x08002de4   0x000003f2   Code   RO          249    .text.HAL_CAN_IRQHandler  stm32f4xx_hal_can.o
    0x080031d6   0x080031d6   0x00000002   PAD
    0x080031d8   0x080031d8   0x000001de   Code   RO          211    .text.HAL_CAN_Init  stm32f4xx_hal_can.o
    0x080033b6   0x080033b6   0x00000002   PAD
    0x080033b8   0x080033b8   0x000001a8   Code   RO           48    .text.HAL_CAN_MspInit  can.o
    0x08003560   0x08003560   0x00000008   Code   RO          263    .text.HAL_CAN_RxFifo0FullCallback  stm32f4xx_hal_can.o
    0x08003568   0x08003568   0x00000202   Code   RO         1231    .text.HAL_CAN_RxFifo0MsgPendingCallback  can_receive.o
    0x0800376a   0x0800376a   0x00000002   PAD
    0x0800376c   0x0800376c   0x00000008   Code   RO          267    .text.HAL_CAN_RxFifo1FullCallback  stm32f4xx_hal_can.o
    0x08003774   0x08003774   0x00000008   Code   RO          269    .text.HAL_CAN_RxFifo1MsgPendingCallback  stm32f4xx_hal_can.o
    0x0800377c   0x0800377c   0x00000008   Code   RO          271    .text.HAL_CAN_SleepCallback  stm32f4xx_hal_can.o
    0x08003784   0x08003784   0x0000008a   Code   RO          223    .text.HAL_CAN_Start  stm32f4xx_hal_can.o
    0x0800380e   0x0800380e   0x00000002   PAD
    0x08003810   0x08003810   0x00000008   Code   RO          253    .text.HAL_CAN_TxMailbox0AbortCallback  stm32f4xx_hal_can.o
    0x08003818   0x08003818   0x00000008   Code   RO          251    .text.HAL_CAN_TxMailbox0CompleteCallback  stm32f4xx_hal_can.o
    0x08003820   0x08003820   0x00000008   Code   RO          257    .text.HAL_CAN_TxMailbox1AbortCallback  stm32f4xx_hal_can.o
    0x08003828   0x08003828   0x00000008   Code   RO          255    .text.HAL_CAN_TxMailbox1CompleteCallback  stm32f4xx_hal_can.o
    0x08003830   0x08003830   0x00000008   Code   RO          261    .text.HAL_CAN_TxMailbox2AbortCallback  stm32f4xx_hal_can.o
    0x08003838   0x08003838   0x00000008   Code   RO          259    .text.HAL_CAN_TxMailbox2CompleteCallback  stm32f4xx_hal_can.o
    0x08003840   0x08003840   0x00000008   Code   RO          273    .text.HAL_CAN_WakeUpFromRxMsgCallback  stm32f4xx_hal_can.o
    0x08003848   0x08003848   0x000000ec   Code   RO          498    .text.HAL_DMA_Abort  stm32f4xx_hal_dma.o
    0x08003934   0x08003934   0x00000044   Code   RO          500    .text.HAL_DMA_Abort_IT  stm32f4xx_hal_dma.o
    0x08003978   0x08003978   0x0000031e   Code   RO          504    .text.HAL_DMA_IRQHandler  stm32f4xx_hal_dma.o
    0x08003c96   0x08003c96   0x00000002   PAD
    0x08003c98   0x08003c98   0x0000016e   Code   RO          484    .text.HAL_DMA_Init  stm32f4xx_hal_dma.o
    0x08003e06   0x08003e06   0x00000002   PAD
    0x08003e08   0x08003e08   0x000000c2   Code   RO          496    .text.HAL_DMA_Start_IT  stm32f4xx_hal_dma.o
    0x08003eca   0x08003eca   0x00000002   PAD
    0x08003ecc   0x08003ecc   0x000003ee   Code   RO          446    .text.HAL_GPIO_Init  stm32f4xx_hal_gpio.o
    0x080042ba   0x080042ba   0x00000002   PAD
    0x080042bc   0x080042bc   0x0000002e   Code   RO          450    .text.HAL_GPIO_ReadPin  stm32f4xx_hal_gpio.o
    0x080042ea   0x080042ea   0x00000002   PAD
    0x080042ec   0x080042ec   0x0000002e   Code   RO          452    .text.HAL_GPIO_WritePin  stm32f4xx_hal_gpio.o
    0x0800431a   0x0800431a   0x00000002   PAD
    0x0800431c   0x0800431c   0x0000000c   Code   RO          671    .text.HAL_GetTick   stm32f4xx_hal.o
    0x08004328   0x08004328   0x0000001a   Code   RO          669    .text.HAL_IncTick   stm32f4xx_hal.o
    0x08004342   0x08004342   0x00000002   PAD
    0x08004344   0x08004344   0x00000036   Code   RO          659    .text.HAL_Init      stm32f4xx_hal.o
    0x0800437a   0x0800437a   0x00000002   PAD
    0x0800437c   0x0800437c   0x00000070   Code   RO          661    .text.HAL_InitTick  stm32f4xx_hal.o
    0x080043ec   0x080043ec   0x0000004a   Code   RO          203    .text.HAL_MspInit   stm32f4xx_hal_msp.o
    0x08004436   0x08004436   0x00000002   PAD
    0x08004438   0x08004438   0x00000014   Code   RO          600    .text.HAL_NVIC_EnableIRQ  stm32f4xx_hal_cortex.o
    0x0800444c   0x0800444c   0x00000032   Code   RO          592    .text.HAL_NVIC_SetPriority  stm32f4xx_hal_cortex.o
    0x0800447e   0x0800447e   0x00000002   PAD
    0x08004480   0x08004480   0x00000010   Code   RO          588    .text.HAL_NVIC_SetPriorityGrouping  stm32f4xx_hal_cortex.o
    0x08004490   0x08004490   0x00000262   Code   RO          294    .text.HAL_RCC_ClockConfig  stm32f4xx_hal_rcc.o
    0x080046f2   0x080046f2   0x00000002   PAD
    0x080046f4   0x080046f4   0x0000000c   Code   RO          304    .text.HAL_RCC_GetHCLKFreq  stm32f4xx_hal_rcc.o
    0x08004700   0x08004700   0x00000022   Code   RO          306    .text.HAL_RCC_GetPCLK1Freq  stm32f4xx_hal_rcc.o
    0x08004722   0x08004722   0x00000002   PAD
    0x08004724   0x08004724   0x00000022   Code   RO          308    .text.HAL_RCC_GetPCLK2Freq  stm32f4xx_hal_rcc.o
    0x08004746   0x08004746   0x00000002   PAD
    0x08004748   0x08004748   0x000000e6   Code   RO          296    .text.HAL_RCC_GetSysClockFreq  stm32f4xx_hal_rcc.o
    0x0800482e   0x0800482e   0x00000002   PAD
    0x08004830   0x08004830   0x000006be   Code   RO          292    .text.HAL_RCC_OscConfig  stm32f4xx_hal_rcc.o
    0x08004eee   0x08004eee   0x00000002   PAD
    0x08004ef0   0x08004ef0   0x00000010   Code   RO          612    .text.HAL_SYSTICK_Config  stm32f4xx_hal_cortex.o
    0x08004f00   0x08004f00   0x00000008   Code   RO         1075    .text.HAL_TIMEx_BreakCallback  stm32f4xx_hal_tim_ex.o
    0x08004f08   0x08004f08   0x00000008   Code   RO         1071    .text.HAL_TIMEx_CommutCallback  stm32f4xx_hal_tim_ex.o
    0x08004f10   0x08004f10   0x0000009c   Code   RO          752    .text.HAL_TIM_Base_Init  stm32f4xx_hal_tim.o
    0x08004fac   0x08004fac   0x00000130   Code   RO           80    .text.HAL_TIM_Base_MspInit  tim.o
    0x080050dc   0x080050dc   0x000000f6   Code   RO          766    .text.HAL_TIM_Base_Start_IT  stm32f4xx_hal_tim.o
    0x080051d2   0x080051d2   0x00000002   PAD
    0x080051d4   0x080051d4   0x00000184   Code   RO          944    .text.HAL_TIM_ConfigClockSource  stm32f4xx_hal_tim.o
    0x08005358   0x08005358   0x00000008   Code   RO          888    .text.HAL_TIM_IC_CaptureCallback  stm32f4xx_hal_tim.o
    0x08005360   0x08005360   0x0000027a   Code   RO          886    .text.HAL_TIM_IRQHandler  stm32f4xx_hal_tim.o
    0x080055da   0x080055da   0x00000002   PAD
    0x080055dc   0x080055dc   0x0000006e   Code   RO           74    .text.HAL_TIM_MspPostInit  tim.o
    0x0800564a   0x0800564a   0x00000002   PAD
    0x0800564c   0x0800564c   0x00000008   Code   RO          890    .text.HAL_TIM_OC_DelayElapsedCallback  stm32f4xx_hal_tim.o
    0x08005654   0x08005654   0x00000142   Code   RO          918    .text.HAL_TIM_PWM_ConfigChannel  stm32f4xx_hal_tim.o
    0x08005796   0x08005796   0x00000002   PAD
    0x08005798   0x08005798   0x0000009c   Code   RO          806    .text.HAL_TIM_PWM_Init  stm32f4xx_hal_tim.o
    0x08005834   0x08005834   0x00000008   Code   RO          808    .text.HAL_TIM_PWM_MspInit  stm32f4xx_hal_tim.o
    0x0800583c   0x0800583c   0x00000008   Code   RO          892    .text.HAL_TIM_PWM_PulseFinishedCallback  stm32f4xx_hal_tim.o
    0x08005844   0x08005844   0x0000015e   Code   RO          128    .text.HAL_TIM_PeriodElapsedCallback  stm32f4xx_it.o
    0x080059a2   0x080059a2   0x00000002   PAD
    0x080059a4   0x080059a4   0x00000008   Code   RO          896    .text.HAL_TIM_TriggerCallback  stm32f4xx_hal_tim.o
    0x080059ac   0x080059ac   0x0000000c   Code   RO         1178    .text.HAL_UARTEx_RxEventCallback  stm32f4xx_hal_uart.o
    0x080059b8   0x080059b8   0x000000cc   Code   RO         1132    .text.HAL_UART_DMAStop  stm32f4xx_hal_uart.o
    0x08005a84   0x08005a84   0x00000008   Code   RO         1176    .text.HAL_UART_ErrorCallback  stm32f4xx_hal_uart.o
    0x08005a8c   0x08005a8c   0x0000041e   Code   RO         1170    .text.HAL_UART_IRQHandler  stm32f4xx_hal_uart.o
    0x08005eaa   0x08005eaa   0x00000002   PAD
    0x08005eac   0x08005eac   0x0000009a   Code   RO         1088    .text.HAL_UART_Init  stm32f4xx_hal_uart.o
    0x08005f46   0x08005f46   0x00000002   PAD
    0x08005f48   0x08005f48   0x00000540   Code   RO          105    .text.HAL_UART_MspInit  usart.o
    0x08006488   0x08006488   0x00000078   Code   RO         1124    .text.HAL_UART_Receive_DMA  stm32f4xx_hal_uart.o
    0x08006500   0x08006500   0x00000008   Code   RO         1188    .text.HAL_UART_RxCpltCallback  stm32f4xx_hal_uart.o
    0x08006508   0x08006508   0x00000008   Code   RO         1190    .text.HAL_UART_RxHalfCpltCallback  stm32f4xx_hal_uart.o
    0x08006510   0x08006510   0x00000110   Code   RO         1116    .text.HAL_UART_Transmit_DMA  stm32f4xx_hal_uart.o
    0x08006620   0x08006620   0x00000008   Code   RO         1184    .text.HAL_UART_TxCpltCallback  stm32f4xx_hal_uart.o
    0x08006628   0x08006628   0x00000008   Code   RO         1186    .text.HAL_UART_TxHalfCpltCallback  stm32f4xx_hal_uart.o
    0x08006630   0x08006630   0x00000004   Code   RO          132    .text.HardFault_Handler  stm32f4xx_it.o
    0x08006634   0x08006634   0x0000004e   Code   RO           44    .text.MX_CAN1_Init  can.o
    0x08006682   0x08006682   0x00000002   PAD
    0x08006684   0x08006684   0x0000004e   Code   RO           46    .text.MX_CAN2_Init  can.o
    0x080066d2   0x080066d2   0x00000002   PAD
    0x080066d4   0x080066d4   0x000000cc   Code   RO           62    .text.MX_DMA_Init   dma.o
    0x080067a0   0x080067a0   0x00000166   Code   RO           36    .text.MX_GPIO_Init  gpio.o
    0x08006906   0x08006906   0x00000002   PAD
    0x08006908   0x08006908   0x00000036   Code   RO           70    .text.MX_TIM11_Init  tim.o
    0x0800693e   0x0800693e   0x00000002   PAD
    0x08006940   0x08006940   0x000000b8   Code   RO           72    .text.MX_TIM12_Init  tim.o
    0x080069f8   0x080069f8   0x00000036   Code   RO           76    .text.MX_TIM13_Init  tim.o
    0x08006a2e   0x08006a2e   0x00000002   PAD
    0x08006a30   0x08006a30   0x00000038   Code   RO           78    .text.MX_TIM14_Init  tim.o
    0x08006a68   0x08006a68   0x00000052   Code   RO           95    .text.MX_UART4_Init  usart.o
    0x08006aba   0x08006aba   0x00000002   PAD
    0x08006abc   0x08006abc   0x00000040   Code   RO           97    .text.MX_UART7_Init  usart.o
    0x08006afc   0x08006afc   0x00000048   Code   RO           99    .text.MX_USART1_UART_Init  usart.o
    0x08006b44   0x08006b44   0x00000040   Code   RO          101    .text.MX_USART2_UART_Init  usart.o
    0x08006b84   0x08006b84   0x00000052   Code   RO          103    .text.MX_USART3_UART_Init  usart.o
    0x08006bd6   0x08006bd6   0x00000002   PAD
    0x08006bd8   0x08006bd8   0x00000140   Code   RO         1348    .text.MecanumInit   chassis.o
    0x08006d18   0x08006d18   0x00000460   Code   RO         1340    .text.MecanumResolve  chassis.o
    0x08007178   0x08007178   0x00000004   Code   RO          134    .text.MemManage_Handler  stm32f4xx_it.o
    0x0800717c   0x0800717c   0x00000004   PAD
    0x08007180   0x08007180   0x000000c8   Code   RO         1278    .text.MotorReast3508  motor.o
    0x08007248   0x08007248   0x00000004   Code   RO          130    .text.NMI_Handler   stm32f4xx_it.o
    0x0800724c   0x0800724c   0x0000006c   Code   RO          598    .text.NVIC_EncodePriority  stm32f4xx_hal_cortex.o
    0x080072b8   0x080072b8   0x00000002   Code   RO          144    .text.PendSV_Handler  stm32f4xx_it.o
    0x080072ba   0x080072ba   0x00000002   PAD
    0x080072bc   0x080072bc   0x00000014   Code   RO         1406    .text.PositionInit  root.o
    0x080072d0   0x080072d0   0x00000188   Code   RO         1344    .text.PowerAllot    chassis.o
    0x08007458   0x08007458   0x00000104   Code   RO         1382    .text.PowerLimBuffer  powerlimit.o
    0x0800755c   0x0800755c   0x00000180   Code   RO         1386    .text.PowerLimBuffer_Cap  powerlimit.o
    0x080076dc   0x080076dc   0x0000002e   Code   RO         1578    .text.RUI_F_MATH_ABS_int16_t  shu_math.o
    0x0800770a   0x0800770a   0x00000002   PAD
    0x0800770c   0x0800770c   0x00000d64   Code   RO         1470    .text.Read_Data_system  read_data .o
    0x08008470   0x08008470   0x00000040   Code   RO         1566    .text.ReturnSymbol  shu_math.o
    0x080084b0   0x080084b0   0x00000002   Code   RO          140    .text.SVC_Handler   stm32f4xx_it.o
    0x080084b2   0x080084b2   0x00000002   PAD
    0x080084b4   0x080084b4   0x000000ae   Code   RO         1562    .text.SectionLimit_f  shu_math.o
    0x08008562   0x08008562   0x00000002   PAD
    0x08008564   0x08008564   0x00000074   Code   RO         1564    .text.SectionLimit_i  shu_math.o
    0x080085d8   0x080085d8   0x00000494   Code   RO         1439    .text.SuperCapTransation  supercap.o
    0x08008a6c   0x08008a6c   0x00000052   Code   RO          614    .text.SysTick_Config  stm32f4xx_hal_cortex.o
    0x08008abe   0x08008abe   0x00000002   PAD
    0x08008ac0   0x08008ac0   0x00000008   Code   RO          146    .text.SysTick_Handler  stm32f4xx_it.o
    0x08008ac8   0x08008ac8   0x000000bc   Code   RO           15    .text.SystemClock_Config  main.o
    0x08008b84   0x08008b84   0x00000012   Code   RO         1217    .text.SystemInit    system_stm32f4xx.o
    0x08008b96   0x08008b96   0x00000002   PAD
    0x08008b98   0x08008b98   0x00000010   Code   RO          164    .text.TIM1_TRG_COM_TIM11_IRQHandler  stm32f4xx_it.o
    0x08008ba8   0x08008ba8   0x00000010   Code   RO          172    .text.TIM8_BRK_TIM12_IRQHandler  stm32f4xx_it.o
    0x08008bb8   0x08008bb8   0x00000010   Code   RO          176    .text.TIM8_TRG_COM_TIM14_IRQHandler  stm32f4xx_it.o
    0x08008bc8   0x08008bc8   0x00000010   Code   RO          174    .text.TIM8_UP_TIM13_IRQHandler  stm32f4xx_it.o
    0x08008bd8   0x08008bd8   0x0000019a   Code   RO          756    .text.TIM_Base_SetConfig  stm32f4xx_hal_tim.o
    0x08008d72   0x08008d72   0x00000002   PAD
    0x08008d74   0x08008d74   0x00000034   Code   RO          942    .text.TIM_ETR_SetConfig  stm32f4xx_hal_tim.o
    0x08008da8   0x08008da8   0x0000002a   Code   RO          948    .text.TIM_ITRx_SetConfig  stm32f4xx_hal_tim.o
    0x08008dd2   0x08008dd2   0x00000002   PAD
    0x08008dd4   0x08008dd4   0x000000ea   Code   RO          900    .text.TIM_OC1_SetConfig  stm32f4xx_hal_tim.o
    0x08008ebe   0x08008ebe   0x00000002   PAD
    0x08008ec0   0x08008ec0   0x000000f4   Code   RO          902    .text.TIM_OC2_SetConfig  stm32f4xx_hal_tim.o
    0x08008fb4   0x08008fb4   0x000000f2   Code   RO          904    .text.TIM_OC3_SetConfig  stm32f4xx_hal_tim.o
    0x080090a6   0x080090a6   0x00000002   PAD
    0x080090a8   0x080090a8   0x000000a4   Code   RO          906    .text.TIM_OC4_SetConfig  stm32f4xx_hal_tim.o
    0x0800914c   0x0800914c   0x00000050   Code   RO          946    .text.TIM_TI1_ConfigInputStage  stm32f4xx_hal_tim.o
    0x0800919c   0x0800919c   0x00000052   Code   RO          950    .text.TIM_TI2_ConfigInputStage  stm32f4xx_hal_tim.o
    0x080091ee   0x080091ee   0x00000002   PAD
    0x080091f0   0x080091f0   0x000000b4   Code   RO          178    .text.UART4_IRQHandler  stm32f4xx_it.o
    0x080092a4   0x080092a4   0x00000010   Code   RO          186    .text.UART7_IRQHandler  stm32f4xx_it.o
    0x080092b4   0x080092b4   0x00000020   Code   RO         1174    .text.UART_DMAAbortOnError  stm32f4xx_hal_uart.o
    0x080092d4   0x080092d4   0x0000007c   Code   RO         1122    .text.UART_DMAError  stm32f4xx_hal_uart.o
    0x08009350   0x08009350   0x000000ee   Code   RO         1206    .text.UART_DMAReceiveCplt  stm32f4xx_hal_uart.o
    0x0800943e   0x0800943e   0x00000002   PAD
    0x08009440   0x08009440   0x0000002e   Code   RO         1208    .text.UART_DMARxHalfCplt  stm32f4xx_hal_uart.o
    0x0800946e   0x0800946e   0x00000002   PAD
    0x08009470   0x08009470   0x0000007a   Code   RO         1118    .text.UART_DMATransmitCplt  stm32f4xx_hal_uart.o
    0x080094ea   0x080094ea   0x00000002   PAD
    0x080094ec   0x080094ec   0x00000016   Code   RO         1120    .text.UART_DMATxHalfCplt  stm32f4xx_hal_uart.o
    0x08009502   0x08009502   0x00000002   PAD
    0x08009504   0x08009504   0x00000094   Code   RO         1136    .text.UART_EndRxTransfer  stm32f4xx_hal_uart.o
    0x08009598   0x08009598   0x00000026   Code   RO         1182    .text.UART_EndTransmit_IT  stm32f4xx_hal_uart.o
    0x080095be   0x080095be   0x00000002   PAD
    0x080095c0   0x080095c0   0x00000036   Code   RO         1134    .text.UART_EndTxTransfer  stm32f4xx_hal_uart.o
    0x080095f6   0x080095f6   0x00000002   PAD
    0x080095f8   0x080095f8   0x00000164   Code   RO         1172    .text.UART_Receive_IT  stm32f4xx_hal_uart.o
    0x0800975c   0x0800975c   0x0000013a   Code   RO         1092    .text.UART_SetConfig  stm32f4xx_hal_uart.o
    0x08009896   0x08009896   0x00000002   PAD
    0x08009898   0x08009898   0x00000118   Code   RO         1126    .text.UART_Start_Receive_DMA  stm32f4xx_hal_uart.o
    0x080099b0   0x080099b0   0x00000094   Code   RO         1180    .text.UART_Transmit_IT  stm32f4xx_hal_uart.o
    0x08009a44   0x08009a44   0x00000010   Code   RO          166    .text.USART1_IRQHandler  stm32f4xx_it.o
    0x08009a54   0x08009a54   0x00000010   Code   RO          168    .text.USART2_IRQHandler  stm32f4xx_it.o
    0x08009a64   0x08009a64   0x00000010   Code   RO          170    .text.USART3_IRQHandler  stm32f4xx_it.o
    0x08009a74   0x08009a74   0x00000004   Code   RO          138    .text.UsageFault_Handler  stm32f4xx_it.o
    0x08009a78   0x08009a78   0x0000007c   Code   RO         1486    .text.Verify_CRC16_Check_Sum  write_data.o
    0x08009af4   0x08009af4   0x0000005c   Code   RO         1480    .text.Verify_CRC8_Check_Sum  write_data.o
    0x08009b50   0x08009b50   0x00000030   Code   RO          602    .text.__NVIC_EnableIRQ  stm32f4xx_hal_cortex.o
    0x08009b80   0x08009b80   0x00000010   Code   RO          594    .text.__NVIC_GetPriorityGrouping  stm32f4xx_hal_cortex.o
    0x08009b90   0x08009b90   0x00000042   Code   RO          596    .text.__NVIC_SetPriority  stm32f4xx_hal_cortex.o
    0x08009bd2   0x08009bd2   0x00000002   PAD
    0x08009bd4   0x08009bd4   0x0000003c   Code   RO          590    .text.__NVIC_SetPriorityGrouping  stm32f4xx_hal_cortex.o
    0x08009c10   0x08009c10   0x00000030   Code   RO         1570    .text.abs_float     shu_math.o
    0x08009c40   0x08009c40   0x0000006a   Code   RO         1554    .text.can_filter_init  bsp_can.o
    0x08009caa   0x08009caa   0x00000002   PAD
    0x08009cac   0x08009cac   0x000000c6   Code   RO           13    .text.main          main.o
    0x08009d72   0x08009d72   0x00000002   PAD
    0x08009d74   0x08009d74   0x000000e0   Code   RO         1233    .text.my_CAN_Send   can_receive.o
    0x08009e54   0x08009e54   0x00000132   Code   RO         1235    .text.my_CAN_Send_UNION  can_receive.o
    0x08009f86   0x08009f86   0x00000002   PAD
    0x08009f88   0x08009f88   0x00000024   Code   RO         1574    .text.my_abs        shu_math.o
    0x08009fac   0x08009fac   0x00000052   Code   RO           11    .text.usart_printf  main.o
    0x08009ffe   0x08009ffe   0x00000002   PAD
    0x0800a000   0x0800a000   0x00000024   Code   RO         1720    i.__0vsprintf       mc_w.l(printfa.o)
    0x0800a024   0x0800a024   0x00000030   Code   RO         1844    i.__ARM_fpclassify  m_wm.l(fpclassify.o)
    0x0800a054   0x0800a054   0x00000004   PAD
    0x0800a058   0x0800a058   0x000000c8   Code   RO         1686    i.__hardfp_cos      m_wm.l(cos.o)
    0x0800a120   0x0800a120   0x000000c8   Code   RO         1692    i.__hardfp_sin      m_wm.l(sin.o)
    0x0800a1e8   0x0800a1e8   0x00000438   Code   RO         1774    i.__ieee754_rem_pio2  m_wm.l(rred.o)
    0x0800a620   0x0800a620   0x00000170   Code   RO         1757    i.__kernel_cos      m_wm.l(cos_i.o)
    0x0800a790   0x0800a790   0x000000f8   Code   RO         1846    i.__kernel_poly     m_wm.l(poly.o)
    0x0800a888   0x0800a888   0x00000130   Code   RO         1779    i.__kernel_sin      m_wm.l(sin_i.o)
    0x0800a9b8   0x0800a9b8   0x00000014   Code   RO         1761    i.__mathlib_dbl_infnan  m_wm.l(dunder.o)
    0x0800a9cc   0x0800a9cc   0x00000004   PAD
    0x0800a9d0   0x0800a9d0   0x00000020   Code   RO         1763    i.__mathlib_dbl_invalid  m_wm.l(dunder.o)
    0x0800a9f0   0x0800a9f0   0x00000020   Code   RO         1766    i.__mathlib_dbl_underflow  m_wm.l(dunder.o)
    0x0800aa10   0x0800aa10   0x0000000e   Code   RO         1856    i.__scatterload_copy  mc_w.l(handlers.o)
    0x0800aa1e   0x0800aa1e   0x00000002   Code   RO         1857    i.__scatterload_null  mc_w.l(handlers.o)
    0x0800aa20   0x0800aa20   0x0000000e   Code   RO         1858    i.__scatterload_zeroinit  mc_w.l(handlers.o)
    0x0800aa2e   0x0800aa2e   0x00000002   PAD
    0x0800aa30   0x0800aa30   0x0000000c   Code   RO         1820    i.__set_errno       mc_w.l(errno.o)
    0x0800aa3c   0x0800aa3c   0x00000184   Code   RO         1721    i._fp_digits        mc_w.l(printfa.o)
    0x0800abc0   0x0800abc0   0x000006dc   Code   RO         1722    i._printf_core      mc_w.l(printfa.o)
    0x0800b29c   0x0800b29c   0x00000024   Code   RO         1723    i._printf_post_padding  mc_w.l(printfa.o)
    0x0800b2c0   0x0800b2c0   0x0000002e   Code   RO         1724    i._printf_pre_padding  mc_w.l(printfa.o)
    0x0800b2ee   0x0800b2ee   0x0000000a   Code   RO         1726    i._sputc            mc_w.l(printfa.o)
    0x0800b2f8   0x0800b2f8   0x00000018   Code   RO         1840    i.fabs              m_wm.l(fabs.o)
    0x0800b310   0x0800b310   0x00000030   Data   RO         1758    .constdata          m_wm.l(cos_i.o)
    0x0800b340   0x0800b340   0x000000cc   Data   RO         1776    .constdata          m_wm.l(rred.o)
    0x0800b40c   0x0800b40c   0x00000004   PAD
    0x0800b410   0x0800b410   0x00000028   Data   RO         1780    .constdata          m_wm.l(sin_i.o)
    0x0800b438   0x0800b438   0x00000014   Data   RO         1306    .rodata..L__const.CH3508M_Init.PID_P_1  motor.o
    0x0800b44c   0x0800b44c   0x00000014   Data   RO         1308    .rodata..L__const.CH3508M_Init.PID_P_2  motor.o
    0x0800b460   0x0800b460   0x00000014   Data   RO         1310    .rodata..L__const.CH3508M_Init.PID_P_3  motor.o
    0x0800b474   0x0800b474   0x00000014   Data   RO         1312    .rodata..L__const.CH3508M_Init.PID_P_4  motor.o
    0x0800b488   0x0800b488   0x00000014   Data   RO         1307    .rodata..L__const.CH3508M_Init.PID_S_1  motor.o
    0x0800b49c   0x0800b49c   0x00000014   Data   RO         1309    .rodata..L__const.CH3508M_Init.PID_S_2  motor.o
    0x0800b4b0   0x0800b4b0   0x00000014   Data   RO         1311    .rodata..L__const.CH3508M_Init.PID_S_3  motor.o
    0x0800b4c4   0x0800b4c4   0x00000014   Data   RO         1313    .rodata..L__const.CH3508M_Init.PID_S_4  motor.o
    0x0800b4d8   0x0800b4d8   0x00000014   Data   RO         1370    .rodata..L__const.CHFollowPID_Init.PID_P  chassis.o
    0x0800b4ec   0x0800b4ec   0x00000010   Data   RO         1222    .rodata.AHBPrescTable  system_stm32f4xx.o
    0x0800b4fc   0x0800b4fc   0x00000008   Data   RO         1223    .rodata.APBPrescTable  system_stm32f4xx.o
    0x0800b504   0x0800b504   0x00000100   Data   RO         1543    .rodata.CRC8_TAB_w  write_data.o
    0x0800b604   0x0800b604   0x00000008   Data   RO          514    .rodata.DMA_CalcBaseAndBitshift.flagBitshiftOffset  stm32f4xx_hal_dma.o
    0x0800b60c   0x0800b60c   0x0000000d   Data   RO           23    .rodata.str1.1      main.o
    0x0800b619   0x0800b619   0x00000001   PAD
    0x0800b61a   0x0800b61a   0x00000200   Data   RO         1546    .rodata.wCRC_Table_w  write_data.o
    0x0800b81a   0x0800b81a   0x00000002   PAD
    0x0800b81c   0x0800b81c   0x00000020   Data   RO         1855    Region$$Table       anon$$obj.o


    Execution Region RW_IRAM2 (Exec base: 0x10000000, Load base: 0x0800b858, Size: 0x00000000, Max: 0x00010000, ABSOLUTE)

    **** No section assigned to this execution region ****


    Execution Region RW_IRAM1 (Exec base: 0x20000000, Load base: 0x0800b840, Size: 0x000013b0, Max: 0x00030000, ABSOLUTE)

    Exec Addr    Load Addr    Size         Type   Attr      Idx    E Section Name        Object

    0x20000000   0x0800b840   0x00000004   Data   RW         1821    .data               mc_w.l(errno.o)
    0x20000004   0x0800b844   0x00000001   Data   RW         1244    .data.CANSendCHtoGM.number  can_receive.o
    0x20000005   0x0800b845   0x00000001   PAD
    0x20000006   0x0800b846   0x00000002   Data   RW         1545    .data.CRC_INIT      write_data.o
    0x20000008   0x0800b848   0x00000004   Data   RW         1221    .data.SystemCoreClock  system_stm32f4xx.o
    0x2000000c   0x0800b84c   0x00000004   Data   RW         1392    .data.residueBuffer  powerlimit.o
    0x20000010   0x0800b850   0x00000001   Data   RW          718    .data.uwTickFreq    stm32f4xx_hal.o
    0x20000011   0x0800b851   0x00000003   PAD
    0x20000014   0x0800b854   0x00000004   Data   RW          717    .data.uwTickPrio    stm32f4xx_hal.o
    0x20000018        -       0x00000001   Zero   RW         1423    .bss.BreatheIED.BuleBoll  root.o
    0x20000019   0x0800b858   0x00000007   PAD
    0x20000020        -       0x00000010   Zero   RW         1426    .bss.BreatheIED.BuleTIME  root.o
    0x20000030        -       0x00000001   Zero   RW         1424    .bss.BreatheIED.GreenBoll  root.o
    0x20000031   0x0800b858   0x00000007   PAD
    0x20000038        -       0x00000010   Zero   RW         1427    .bss.BreatheIED.GreenTIME  root.o
    0x20000048        -       0x00000001   Zero   RW         1422    .bss.BreatheIED.RedBoll  root.o
    0x20000049   0x0800b858   0x00000007   PAD
    0x20000050        -       0x00000010   Zero   RW         1425    .bss.BreatheIED.RedTIME  root.o
    0x20000060        -       0x00000018   Zero   RW          188    .bss.CanCommunit_t  stm32f4xx_it.o
    0x20000078        -       0x00000004   Zero   RW           54    .bss.HAL_RCC_CAN1_CLK_ENABLED  can.o
    0x2000007c        -       0x00000001   Zero   RW          192    .bss.HAL_TIM_PeriodElapsedCallback.temp  stm32f4xx_it.o
    0x2000007d   0x0800b858   0x00000003   PAD
    0x20000080        -       0x00000004   Zero   RW         1442    .bss.Inter          supercap.o
    0x20000084        -       0x00000004   Zero   RW         1446    .bss.OUT_switch     supercap.o
    0x20000088        -       0x00000008   Zero   RW         1389    .bss.PowerLimBuffer.Raid  powerlimit.o
    0x20000090        -       0x00000008   Zero   RW         1393    .bss.Raid           powerlimit.o
    0x20000098        -       0x00000008   Zero   RW          190    .bss.RunTime        stm32f4xx_it.o
    0x200000a0        -       0x00000008   Zero   RW         1449    .bss.SuperCapTransation.lastTime_1  supercap.o
    0x200000a8        -       0x00000008   Zero   RW         1450    .bss.SuperCapTransation.lastTime_2  supercap.o
    0x200000b0        -       0x00000004   Zero   RW         1361    .bss.allOutPower    chassis.o
    0x200000b4        -       0x00000004   Zero   RW         1239    .bss.canBoll_t      can_receive.o
    0x200000b8        -       0x00000008   Zero   RW         1242    .bss.can_send_data  can_receive.o
    0x200000c0        -       0x00000008   Zero   RW         1243    .bss.can_union_txdata  can_receive.o
    0x200000c8        -       0x0000001c   Zero   RW         1441    .bss.capData_t      supercap.o
    0x200000e4        -       0x00000094   Zero   RW         1360    .bss.chassis_t      chassis.o
    0x20000178        -       0x00000028   Zero   RW           52    .bss.hcan1          can.o
    0x200001a0        -       0x00000028   Zero   RW           53    .bss.hcan2          can.o
    0x200001c8        -       0x00000060   Zero   RW          114    .bss.hdma_uart4_rx  usart.o
    0x20000228        -       0x00000060   Zero   RW          115    .bss.hdma_uart4_tx  usart.o
    0x20000288        -       0x00000060   Zero   RW          116    .bss.hdma_usart1_rx  usart.o
    0x200002e8        -       0x00000060   Zero   RW          117    .bss.hdma_usart2_rx  usart.o
    0x20000348        -       0x00000060   Zero   RW          118    .bss.hdma_usart2_tx  usart.o
    0x200003a8        -       0x00000060   Zero   RW          119    .bss.hdma_usart3_rx  usart.o
    0x20000408        -       0x00000060   Zero   RW          120    .bss.hdma_usart3_tx  usart.o
    0x20000468        -       0x00000048   Zero   RW           84    .bss.htim11         tim.o
    0x200004b0        -       0x00000048   Zero   RW           85    .bss.htim12         tim.o
    0x200004f8        -       0x00000048   Zero   RW           86    .bss.htim13         tim.o
    0x20000540        -       0x00000048   Zero   RW           87    .bss.htim14         tim.o
    0x20000588        -       0x00000044   Zero   RW          111    .bss.huart1         usart.o
    0x200005cc        -       0x00000044   Zero   RW          112    .bss.huart2         usart.o
    0x20000610        -       0x00000044   Zero   RW          113    .bss.huart3         usart.o
    0x20000654        -       0x00000044   Zero   RW          109    .bss.huart4         usart.o
    0x20000698        -       0x00000044   Zero   RW          110    .bss.huart7         usart.o
    0x200006dc        -       0x00000108   Zero   RW          193    .bss.judge_systemDATA  stm32f4xx_it.o
    0x200007e4        -       0x000000cd   Zero   RW          191    .bss.judge_user_data  stm32f4xx_it.o
    0x200008b1   0x0800b858   0x00000003   PAD
    0x200008b4        -       0x000000a4   Zero   RW         1296    .bss.m_CH3508_1_t   motor.o
    0x20000958        -       0x000000a4   Zero   RW         1297    .bss.m_CH3508_2_t   motor.o
    0x200009fc        -       0x000000a4   Zero   RW         1298    .bss.m_CH3508_3_t   motor.o
    0x20000aa0        -       0x000000a4   Zero   RW         1299    .bss.m_CH3508_4_t   motor.o
    0x20000b44        -       0x000000a8   Zero   RW         1305    .bss.m_GM6020_p_t   motor.o
    0x20000bec        -       0x000000a8   Zero   RW         1304    .bss.m_GM6020_y_t   motor.o
    0x20000c94        -       0x0000003c   Zero   RW         1363    .bss.mecanumInit_t  chassis.o
    0x20000cd0        -       0x00000010   Zero   RW         1364    .bss.mecanumOutAddre  chassis.o
    0x20000ce0        -       0x0000003e   Zero   RW         1362    .bss.rc_ctrl        chassis.o
    0x20000d1e   0x0800b858   0x00000002   PAD
    0x20000d20        -       0x00000004   Zero   RW         1394    .bss.reData         powerlimit.o
    0x20000d24        -       0x000000ff   Zero   RW          194    .bss.receive_buff   stm32f4xx_it.o
    0x20000e23        -       0x0000001e   Zero   RW         1414    .bss.root_t         root.o
    0x20000e41        -       0x00000001   Zero   RW         1365    .bss.rui            chassis.o
    0x20000e42        -       0x00000008   Zero   RW         1241    .bss.rx_data        can_receive.o
    0x20000e4a   0x0800b858   0x00000002   PAD
    0x20000e4c        -       0x0000001c   Zero   RW         1240    .bss.rx_header      can_receive.o
    0x20000e68        -       0x00000002   Zero   RW         1447    .bss.shu_temp72     supercap.o
    0x20000e6a   0x0800b858   0x00000002   PAD
    0x20000e6c        -       0x00000004   Zero   RW         1444    .bss.shu_temp75     supercap.o
    0x20000e70        -       0x00000004   Zero   RW         1443    .bss.temp_cap_time  supercap.o
    0x20000e74        -       0x00000004   Zero   RW           21    .bss.usart_printf.ap  main.o
    0x20000e78        -       0x00000002   Zero   RW           22    .bss.usart_printf.len  main.o
    0x20000e7a        -       0x00000100   Zero   RW           20    .bss.usart_printf.tx_buf  main.o
    0x20000f7a   0x0800b858   0x00000002   PAD
    0x20000f7c        -       0x00000004   Zero   RW          719    .bss.uwTick         stm32f4xx_hal.o
    0x20000f80        -       0x00000030   Zero   RW         1369    .bss.visionData_t   chassis.o
    0x20000fb0        -       0x00000400   Zero   RW            1    STACK               startup_stm32f427xx.o


==============================================================================

Image component sizes


      Code (inc. data)   RO Data    RW Data    ZI Data      Debug   Object Name

       106          0          0          0          0       1096   bsp_can.o
       580          0          0          0         84       6633   can.o
      1228          0          0          1         56       4690   can_receive.o
      4052         56         20          0        339       8471   chassis.o
       306          0          0          0          0        614   contorl.o
       204          0          0          0          0       3489   dma.o
       358          0          0          0          0       2260   gpio.o
       482          0         13          0        262       3360   main.o
      3238         24        160          0        992       9279   motor.o
       898         40          0          4         20       2305   powerlimit.o
      3428          0          0          0          0      10803   read_data .o
       834          0          0          0         81       4159   root.o
       484          0          0          0          0       2162   shu_math.o
        36          8        428          0       1024        824   startup_stm32f427xx.o
       204          0          0          5          4       7455   stm32f4xx_hal.o
      3088          0          0          0          0      11302   stm32f4xx_hal_can.o
       482          0          0          0          0       9536   stm32f4xx_hal_cortex.o
      2068          8          8          0          0       8451   stm32f4xx_hal_dma.o
      1098          0          0          0          0       5160   stm32f4xx_hal_gpio.o
        74          0          0          0          0       1505   stm32f4xx_hal_msp.o
      2646          0          0          0          0       7602   stm32f4xx_hal_rcc.o
      3492         14          0          0          0      35735   stm32f4xx_hal_tim.o
        16          0          0          0          0      15239   stm32f4xx_hal_tim_ex.o
      3778          0          0          0          0      20093   stm32f4xx_hal_uart.o
       868          0          0          0        757      15593   stm32f4xx_it.o
      1620         60          0          0         62       2847   supercap.o
        18          0         24          4          0       2552   system_stm32f4xx.o
       762          0          0          0        288       8607   tim.o
      1708          0          0          0       1012       8720   usart.o
       392          0        768          2          0      17019   write_data.o

    ----------------------------------------------------------------------
     38688        210       1456         20       5016     237561   Object Totals
         0          0         32          0          0          0   (incl. Generated)
       140          0          3          4         35          0   (incl. Padding)

    ----------------------------------------------------------------------

      Code (inc. data)   RO Data    RW Data    ZI Data      Debug   Library Member Name

       200         20          0          0          0        164   cos.o
       368         46         48          0          0        200   cos_i.o
        84         16          0          0          0        372   dunder.o
        24          0          0          0          0        124   fabs.o
        48          0          0          0          0        124   fpclassify.o
       248          0          0          0          0        152   poly.o
      1080        142        204          0          0        188   rred.o
       200         20          0          0          0        164   sin.o
       304         24         40          0          0        208   sin_i.o
         0          0          0          0          0          0   entry.o
         0          0          0          0          0          0   entry10a.o
         0          0          0          0          0          0   entry11a.o
         8          4          0          0          0          0   entry2.o
         4          0          0          0          0          0   entry5.o
         0          0          0          0          0          0   entry7b.o
         0          0          0          0          0          0   entry8b.o
         8          4          0          0          0          0   entry9a.o
        12          6          0          4          0         68   errno.o
        30          0          0          0          0          0   handlers.o
        36          8          0          0          0         68   init.o
         0          0          0          0          0          0   iusefp.o
        30          0          0          0          0         68   llshl.o
        36          0          0          0          0         68   llsshr.o
        32          0          0          0          0         68   llushr.o
        36          0          0          0          0         68   memcpya.o
        36          0          0          0          0        108   memseta.o
      2272         86          0          0          0        516   printfa.o
        44          0          0          0          0         80   uidiv.o
        98          0          0          0          0         92   uldiv.o
        48          0          0          0          0         68   cdrcmple.o
        56          0          0          0          0         88   d2f.o
       334          0          0          0          0        148   dadd.o
        54          0          0          0          0         80   dcmple.o
       222          0          0          0          0        100   ddiv.o
       186          0          0          0          0        176   depilogue.o
        62          0          0          0          0         80   dfixi.o
        48          0          0          0          0         68   dfixul.o
        34          0          0          0          0         76   dflti.o
        26          0          0          0          0         76   dfltui.o
       228          0          0          0          0         96   dmul.o
        38          0          0          0          0         68   f2d.o
       110          0          0          0          0        168   fepilogue.o
        28          0          0          0          0         84   ffltul.o

    ----------------------------------------------------------------------
      6724        376        296          4          0       4276   Library Totals
        12          0          4          0          0          0   (incl. Padding)

    ----------------------------------------------------------------------

      Code (inc. data)   RO Data    RW Data    ZI Data      Debug   Library Name

      2556        268        292          0          0       1696   m_wm.l
      2682        108          0          4          0       1204   mc_w.l
      1474          0          0          0          0       1376   mf_w.l

    ----------------------------------------------------------------------
      6724        376        296          4          0       4276   Library Totals

    ----------------------------------------------------------------------

==============================================================================


      Code (inc. data)   RO Data    RW Data    ZI Data      Debug   

     45412        586       1752         24       5016     239129   Grand Totals
     45412        586       1752         24       5016     239129   ELF Image Totals
     45412        586       1752         24          0          0   ROM Totals

==============================================================================

    Total RO  Size (Code + RO Data)                47164 (  46.06kB)
    Total RW  Size (RW Data + ZI Data)              5040 (   4.92kB)
    Total ROM Size (Code + RO Data + RW Data)      47188 (  46.08kB)

==============================================================================

